[06-05 00:53:20]: [INFO] Created column 'regdate' and set the current timestamp, 1780610000218, to all 0 rows
[06-05 00:53:20]: [INFO] SQLite Setup finished
[06-05 00:53:20]: [INFO] Hooked into LuckPerms!
[06-05 00:53:20]: [INFO] Hooked successfully into Essentials
[06-05 00:53:20]: [INFO] Hooked successfully into Multiverse-Core
[06-05 00:53:20]: [WARN] WARNING! The protectInventory feature requires ProtocolLib! Disabling it...
[06-05 00:53:20]: [INFO] AuthMe 5.6.0 build n.CUSTOM successfully enabled!
[06-05 00:53:22]: [INFO] Downloading GEO IP database, because the old database is older than 30 days or doesn't exist
[06-05 00:53:22]: [WARN] No MaxMind credentials found in the configuration file! GeoIp protections will be disabled.
[06-05 00:53:22]: [INFO] There is no newer GEO IP database uploaded to MaxMind. Using the old one for now.
[06-05 00:53:22]: [WARN] Could not download GeoLiteAPI database [FileNotFoundException]: plugins\AuthMe\GeoLite2-Country.mmdb (Не удается найти указанный файл)
[06-05 00:53:22]: java.io.FileNotFoundException: plugins\AuthMe\GeoLite2-Country.mmdb (Не удается найти указанный файл)
	at java.base/java.io.RandomAccessFile.open0(Native Method)
	at java.base/java.io.RandomAccessFile.open(RandomAccessFile.java:338)
	at java.base/java.io.RandomAccessFile.<init>(RandomAccessFile.java:257)
	at java.base/java.io.RandomAccessFile.<init>(RandomAccessFile.java:211)
	at fr.xephi.authme.libs.com.maxmind.db.BufferHolder.<init>(BufferHolder.java:20)
	at fr.xephi.authme.libs.com.maxmind.db.Reader.<init>(Reader.java:121)
	at fr.xephi.authme.service.GeoIpService.startReading(GeoIpService.java:179)
	at fr.xephi.authme.service.GeoIpService.updateDatabase(GeoIpService.java:150)
	at org.bukkit.craftbukkit.v1_16_R3.scheduler.CraftTask.run(CraftTask.java:100)
	at org.bukkit.craftbukkit.v1_16_R3.scheduler.CraftAsyncTask.run(CraftAsyncTask.java:58)
	at com.destroystokyo.paper.ServerSchedulerReportingWrapper.run(ServerSchedulerReportingWrapper.java:22)
	at java.base/java.util.concurrent.ThreadPoolExecutor.runWorker(ThreadPoolExecutor.java:1090)
	at java.base/java.util.concurrent.ThreadPoolExecutor$Worker.run(ThreadPoolExecutor.java:614)
	at java.base/java.lang.Thread.run(Thread.java:1516)

[06-05 00:57:21]: [INFO] SQLite Setup finished
[06-05 00:57:21]: [INFO] Hooked into LuckPerms!
[06-05 00:57:22]: [INFO] Hooked successfully into Essentials
[06-05 00:57:22]: [INFO] Hooked successfully into Multiverse-Core
[06-05 00:57:22]: [WARN] WARNING! The protectInventory feature requires ProtocolLib! Disabling it...
[06-05 00:57:22]: [INFO] AuthMe 5.6.0 build n.CUSTOM successfully enabled!
[06-05 00:57:24]: [INFO] Downloading GEO IP database, because the old database is older than 30 days or doesn't exist
[06-05 00:57:24]: [WARN] No MaxMind credentials found in the configuration file! GeoIp protections will be disabled.
[06-05 00:57:24]: [INFO] There is no newer GEO IP database uploaded to MaxMind. Using the old one for now.
[06-05 00:57:24]: [WARN] Could not download GeoLiteAPI database [FileNotFoundException]: plugins\AuthMe\GeoLite2-Country.mmdb (Не удается найти указанный файл)
[06-05 00:57:24]: java.io.FileNotFoundException: plugins\AuthMe\GeoLite2-Country.mmdb (Не удается найти указанный файл)
	at java.base/java.io.RandomAccessFile.open0(Native Method)
	at java.base/java.io.RandomAccessFile.open(RandomAccessFile.java:338)
	at java.base/java.io.RandomAccessFile.<init>(RandomAccessFile.java:257)
	at java.base/java.io.RandomAccessFile.<init>(RandomAccessFile.java:211)
	at fr.xephi.authme.libs.com.maxmind.db.BufferHolder.<init>(BufferHolder.java:20)
	at fr.xephi.authme.libs.com.maxmind.db.Reader.<init>(Reader.java:121)
	at fr.xephi.authme.service.GeoIpService.startReading(GeoIpService.java:179)
	at fr.xephi.authme.service.GeoIpService.updateDatabase(GeoIpService.java:150)
	at org.bukkit.craftbukkit.v1_16_R3.scheduler.CraftTask.run(CraftTask.java:100)
	at org.bukkit.craftbukkit.v1_16_R3.scheduler.CraftAsyncTask.run(CraftAsyncTask.java:58)
	at com.destroystokyo.paper.ServerSchedulerReportingWrapper.run(ServerSchedulerReportingWrapper.java:22)
	at java.base/java.util.concurrent.ThreadPoolExecutor.runWorker(ThreadPoolExecutor.java:1090)
	at java.base/java.util.concurrent.ThreadPoolExecutor$Worker.run(ThreadPoolExecutor.java:614)
	at java.base/java.lang.Thread.run(Thread.java:1516)

[06-05 01:04:06]: [INFO] SQLite Setup finished
[06-05 01:04:06]: [INFO] Hooked into LuckPerms!
[06-05 01:04:06]: [INFO] Hooked successfully into Essentials
[06-05 01:04:06]: [INFO] Hooked successfully into Multiverse-Core
[06-05 01:04:06]: [INFO] AuthMe 5.6.0 build n.CUSTOM successfully enabled!
[06-05 01:04:08]: [INFO] Downloading GEO IP database, because the old database is older than 30 days or doesn't exist
[06-05 01:04:08]: [WARN] No MaxMind credentials found in the configuration file! GeoIp protections will be disabled.
[06-05 01:04:08]: [INFO] There is no newer GEO IP database uploaded to MaxMind. Using the old one for now.
[06-05 01:04:08]: [WARN] Could not download GeoLiteAPI database [FileNotFoundException]: plugins\AuthMe\GeoLite2-Country.mmdb (Не удается найти указанный файл)
[06-05 01:04:08]: java.io.FileNotFoundException: plugins\AuthMe\GeoLite2-Country.mmdb (Не удается найти указанный файл)
	at java.base/java.io.RandomAccessFile.open0(Native Method)
	at java.base/java.io.RandomAccessFile.open(RandomAccessFile.java:356)
	at java.base/java.io.RandomAccessFile.<init>(RandomAccessFile.java:273)
	at java.base/java.io.RandomAccessFile.<init>(RandomAccessFile.java:223)
	at fr.xephi.authme.libs.com.maxmind.db.BufferHolder.<init>(BufferHolder.java:20)
	at fr.xephi.authme.libs.com.maxmind.db.Reader.<init>(Reader.java:121)
	at fr.xephi.authme.service.GeoIpService.startReading(GeoIpService.java:179)
	at fr.xephi.authme.service.GeoIpService.updateDatabase(GeoIpService.java:150)
	at org.bukkit.craftbukkit.v1_16_R3.scheduler.CraftTask.run(CraftTask.java:100)
	at org.bukkit.craftbukkit.v1_16_R3.scheduler.CraftAsyncTask.run(CraftAsyncTask.java:58)
	at com.destroystokyo.paper.ServerSchedulerReportingWrapper.run(ServerSchedulerReportingWrapper.java:22)
	at java.base/java.util.concurrent.ThreadPoolExecutor.runWorker(ThreadPoolExecutor.java:1144)
	at java.base/java.util.concurrent.ThreadPoolExecutor$Worker.run(ThreadPoolExecutor.java:642)
	at java.base/java.lang.Thread.run(Thread.java:1583)

[06-05 01:05:19]: [FINE] pol1ce registered 127.0.0.1
[06-05 01:05:19]: [FINE] pol1ce logged in 127.0.0.1
[06-09 20:04:34]: [INFO] SQLite Setup finished
[06-09 20:04:34]: [INFO] No supported permissions system found! Permissions are disabled!
[06-09 20:04:35]: [INFO] AuthMe 5.6.0 build n.CUSTOM successfully enabled!
[06-09 20:24:01]: [INFO] SQLite Setup finished
[06-09 20:24:01]: [INFO] Hooked into LuckPerms!
[06-09 20:24:01]: [INFO] Hooked successfully into Essentials
[06-09 20:24:01]: [INFO] Hooked successfully into Multiverse-Core
[06-09 20:24:02]: [INFO] AuthMe 5.6.0 build n.CUSTOM successfully enabled!
[06-09 20:24:04]: [INFO] AuthMe 5.6.0-bCUSTOM disabled!
[06-09 20:38:37]: [INFO] SQLite Setup finished
[06-09 20:38:37]: [INFO] Hooked into LuckPerms!
[06-09 20:38:37]: [INFO] Hooked successfully into Essentials
[06-09 20:38:37]: [INFO] AuthMe 5.6.0 build n.CUSTOM successfully enabled!
[06-09 20:38:46]: [INFO] AuthMe 5.6.0-bCUSTOM disabled!
[06-09 20:43:45]: [INFO] SQLite Setup finished
[06-09 20:43:45]: [INFO] Hooked into LuckPerms!
[06-09 20:43:45]: [INFO] Hooked successfully into Essentials
[06-09 20:43:46]: [INFO] AuthMe 5.6.0 build n.CUSTOM successfully enabled!
[06-09 20:43:54]: [INFO] AuthMe 5.6.0-bCUSTOM disabled!
[06-09 20:46:39]: [INFO] SQLite Setup finished
[06-09 20:46:39]: [INFO] Hooked into LuckPerms!
[06-09 20:46:39]: [INFO] Hooked successfully into Essentials
[06-09 20:46:40]: [INFO] AuthMe 5.6.0 build n.CUSTOM successfully enabled!
[06-09 20:46:49]: [INFO] AuthMe 5.6.0-bCUSTOM disabled!
[06-09 20:50:50]: [INFO] SQLite Setup finished
[06-09 20:50:50]: [INFO] Hooked into LuckPerms!
[06-09 20:50:50]: [INFO] Hooked successfully into Essentials
[06-09 20:50:51]: [INFO] AuthMe 5.6.0 build n.CUSTOM successfully enabled!
[06-09 20:51:00]: [INFO] AuthMe 5.6.0-bCUSTOM disabled!
[06-09 20:55:24]: [INFO] SQLite Setup finished
[06-09 20:55:24]: [INFO] Hooked into LuckPerms!
[06-09 20:55:25]: [INFO] Hooked successfully into Essentials
[06-09 20:55:25]: [INFO] AuthMe 5.6.0 build n.CUSTOM successfully enabled!
[06-09 21:04:56]: [INFO] AuthMe 5.6.0-bCUSTOM disabled!
[06-09 21:15:35]: [INFO] SQLite Setup finished
[06-09 21:15:35]: [INFO] Hooked into LuckPerms!
[06-09 21:15:36]: [INFO] Hooked successfully into Essentials
[06-09 21:15:36]: [INFO] AuthMe 5.6.0 build n.CUSTOM successfully enabled!
[06-09 21:15:51]: [INFO] AuthMe 5.6.0-bCUSTOM disabled!
[06-09 21:20:31]: [INFO] SQLite Setup finished
[06-09 21:20:31]: [INFO] Hooked into LuckPerms!
[06-09 21:20:31]: [INFO] Hooked successfully into Essentials
[06-09 21:20:31]: [INFO] AuthMe 5.6.0 build n.CUSTOM successfully enabled!
[06-09 21:21:33]: [INFO] AuthMe 5.6.0-bCUSTOM disabled!
[06-09 21:23:25]: [INFO] SQLite Setup finished
[06-09 21:23:25]: [INFO] Hooked into LuckPerms!
[06-09 21:23:25]: [INFO] Hooked successfully into Essentials
[06-09 21:23:25]: [INFO] AuthMe 5.6.0 build n.CUSTOM successfully enabled!
[06-09 21:38:00]: [INFO] SQLite Setup finished
[06-09 21:38:00]: [INFO] Hooked into LuckPerms!
[06-09 21:38:01]: [INFO] Hooked successfully into Essentials
[06-09 21:38:01]: [INFO] AuthMe 5.6.0 build n.CUSTOM successfully enabled!
[06-09 21:40:29]: [INFO] SQLite Setup finished
[06-09 21:40:29]: [INFO] Hooked into LuckPerms!
[06-09 21:40:29]: [INFO] Hooked successfully into Essentials
[06-09 21:40:30]: [INFO] AuthMe 5.6.0 build n.CUSTOM successfully enabled!
[06-10 19:50:58]: [INFO] SQLite Setup finished
[06-10 19:50:58]: [INFO] Hooked into LuckPerms!
[06-10 19:50:58]: [INFO] Hooked successfully into Essentials
[06-10 19:50:59]: [INFO] AuthMe 5.6.0 build n.CUSTOM successfully enabled!
[06-10 20:08:15]: [INFO] SQLite Setup finished
[06-10 20:08:16]: [INFO] Hooked into LuckPerms!
[06-10 20:08:16]: [INFO] Hooked successfully into Essentials
[06-10 20:08:16]: [INFO] AuthMe 5.6.0 build n.CUSTOM successfully enabled!
[06-10 20:08:29]: [INFO] AuthMe 5.6.0-bCUSTOM disabled!
[06-10 20:12:54]: [INFO] SQLite Setup finished
[06-10 20:12:54]: [INFO] Hooked into LuckPerms!
[06-10 20:12:54]: [INFO] Hooked successfully into Essentials
[06-10 20:12:54]: [INFO] AuthMe 5.6.0 build n.CUSTOM successfully enabled!
[06-10 20:13:08]: [INFO] AuthMe 5.6.0-bCUSTOM disabled!
[06-10 20:16:19]: [INFO] SQLite Setup finished
[06-10 20:16:19]: [INFO] Hooked into LuckPerms!
[06-10 20:16:19]: [INFO] Hooked successfully into Essentials
[06-10 20:16:19]: [INFO] AuthMe 5.6.0 build n.CUSTOM successfully enabled!
[06-10 20:23:31]: [INFO] SQLite Setup finished
[06-10 20:23:31]: [INFO] Hooked into LuckPerms!
[06-10 20:23:32]: [INFO] Hooked successfully into Essentials
[06-10 20:23:32]: [INFO] AuthMe 5.6.0 build n.CUSTOM successfully enabled!
[06-10 20:34:41]: [INFO] SQLite Setup finished
[06-10 20:34:41]: [INFO] Hooked into LuckPerms!
[06-10 20:34:41]: [INFO] Hooked successfully into Essentials
[06-10 20:34:41]: [INFO] AuthMe 5.6.0 build n.CUSTOM successfully enabled!
[06-10 20:35:09]: [INFO] AuthMe 5.6.0-bCUSTOM disabled!
[06-10 20:38:05]: [INFO] SQLite Setup finished
[06-10 20:38:05]: [INFO] Hooked into LuckPerms!
[06-10 20:38:05]: [INFO] Hooked successfully into Essentials
[06-10 20:38:05]: [INFO] AuthMe 5.6.0 build n.CUSTOM successfully enabled!
[06-10 20:38:16]: [INFO] AuthMe 5.6.0-bCUSTOM disabled!
[06-10 20:41:54]: [INFO] SQLite Setup finished
[06-10 20:41:54]: [INFO] Hooked into LuckPerms!
[06-10 20:41:54]: [INFO] Hooked successfully into Essentials
[06-10 20:41:54]: [INFO] AuthMe 5.6.0 build n.CUSTOM successfully enabled!
[06-10 20:44:24]: [INFO] SQLite Setup finished
[06-10 20:44:25]: [INFO] Hooked into LuckPerms!
[06-10 20:44:25]: [INFO] Hooked successfully into Essentials
[06-10 20:44:25]: [INFO] AuthMe 5.6.0 build n.CUSTOM successfully enabled!
[06-10 21:09:27]: [INFO] SQLite Setup finished
[06-10 21:09:27]: [INFO] Hooked into LuckPerms!
[06-10 21:09:27]: [INFO] Hooked successfully into Essentials
[06-10 21:09:27]: [INFO] AuthMe 5.6.0 build n.CUSTOM successfully enabled!
[06-10 21:10:16]: [INFO] AuthMe 5.6.0-bCUSTOM disabled!
[06-10 21:13:53]: [INFO] SQLite Setup finished
[06-10 21:13:53]: [INFO] Hooked into LuckPerms!
[06-10 21:13:53]: [INFO] Hooked successfully into Essentials
[06-10 21:13:53]: [INFO] AuthMe 5.6.0 build n.CUSTOM successfully enabled!
[06-10 21:14:22]: [INFO] AuthMe 5.6.0-bCUSTOM disabled!
[06-10 21:17:14]: [INFO] SQLite Setup finished
[06-10 21:17:14]: [INFO] Hooked into LuckPerms!
[06-10 21:17:14]: [INFO] Hooked successfully into Essentials
[06-10 21:17:14]: [INFO] AuthMe 5.6.0 build n.CUSTOM successfully enabled!
[06-10 21:17:21]: [INFO] AuthMe 5.6.0-bCUSTOM disabled!
