[21:16:31] [main/INFO]: Environment: authHost='https://authserver.mojang.com', accountsHost='https://api.mojang.com', sessionHost='https://sessionserver.mojang.com', servicesHost='https://api.minecraftservices.com', name='PROD'
[21:16:32] [main/INFO]: Reloading ResourceManager: Default, bukkit
[21:16:33] [Worker-Main-5/INFO]: Loaded 7 recipes
[21:16:35] [Server thread/INFO]: Starting minecraft server version 1.16.5
[21:16:35] [Server thread/INFO]: Loading properties
[21:16:35] [Server thread/INFO]: This server is running Purpur version git-Purpur-1171 (MC: 1.16.5) (Implementing API version 1.16.5-R0.1-SNAPSHOT)
[21:16:35] [Server thread/INFO]: Debug logging is disabled
[21:16:35] [Server thread/INFO]: Server Ping Player Sample Count: 12
[21:16:35] [Server thread/INFO]: Using 4 threads for Netty based IO
[21:16:35] [Server thread/INFO]: Default game type: SURVIVAL
[21:16:35] [Server thread/INFO]: Generating keypair
[21:16:35] [Server thread/INFO]: Starting Minecraft server on *:25565
[21:16:36] [Server thread/INFO]: Using default channel type
[21:16:36] [Server thread/INFO]: Tuinity: Using Java 11 compression from Velocity.
[21:16:36] [Server thread/INFO]: Tuinity: Using Java cipher from Velocity.
[21:16:38] [Server thread/WARN]: Initializing Legacy Material Support. Unless you have legacy plugins and/or data this is a bug!
[21:16:44] [Server thread/WARN]: Legacy plugin RedStoneExploitFix v1.0.0 does not specify an api-version.
[21:16:45] [Server thread/WARN]: Legacy plugin FiguresFix v1.0.3 does not specify an api-version.
[21:16:45] [Server thread/WARN]: Legacy plugin Automessage v1.2 does not specify an api-version.
[21:16:45] [Server thread/WARN]: Legacy plugin HideAchievements v1.0.0 does not specify an api-version.
[21:16:45] [Server thread/WARN]: Legacy plugin NewbieChat v1.6.7-h2 does not specify an api-version.
[21:16:45] [Server thread/WARN]: Legacy plugin FastFix v1.0 does not specify an api-version.
[21:16:45] [Server thread/WARN]: Legacy plugin LiteNotify v1.1 does not specify an api-version.
[21:16:45] [Server thread/INFO]: [FacilisCommon] Loading 3 libraries... please wait
[21:16:45] [Server thread/INFO]: [FacilisCommon] Loaded library D:\efka\DesireCraft\libraries\net\kyori\adventure-api\4.13.0\adventure-api-4.13.0.jar
[21:16:45] [Server thread/INFO]: [FacilisCommon] Loaded library D:\efka\DesireCraft\libraries\net\kyori\adventure-key\4.13.0\adventure-key-4.13.0.jar
[21:16:45] [Server thread/INFO]: [FacilisCommon] Loaded library D:\efka\DesireCraft\libraries\net\kyori\examination-api\1.3.0\examination-api-1.3.0.jar
[21:16:45] [Server thread/INFO]: [FacilisCommon] Loaded library D:\efka\DesireCraft\libraries\net\kyori\examination-string\1.3.0\examination-string-1.3.0.jar
[21:16:45] [Server thread/INFO]: [FacilisCommon] Loaded library D:\efka\DesireCraft\libraries\org\jetbrains\annotations\24.0.1\annotations-24.0.1.jar
[21:16:45] [Server thread/INFO]: [FacilisCommon] Loaded library D:\efka\DesireCraft\libraries\org\apache\commons\commons-lang3\3.12.0\commons-lang3-3.12.0.jar
[21:16:45] [Server thread/INFO]: [FacilisCommon] Loaded library D:\efka\DesireCraft\libraries\commons-io\commons-io\2.10.0\commons-io-2.10.0.jar
[21:16:45] [Server thread/WARN]: Legacy plugin PacketsBookFix v1.0 does not specify an api-version.
[21:16:45] [Server thread/WARN]: Legacy plugin SimpleGranter v1.0.4 does not specify an api-version.
[21:16:45] [Server thread/WARN]: Legacy plugin ChatEx v2.7.1 does not specify an api-version.
[21:16:45] [Server thread/WARN]: Legacy plugin IRandomTeleport v1.9 does not specify an api-version.
[21:16:45] [Server thread/WARN]: Legacy plugin AntirelogScoreboard v1.3.2-BETA does not specify an api-version.
[21:16:45] [Server thread/INFO]: [fmPotionStacker] Loading fmPotionStacker v1.3
[21:16:45] [Server thread/INFO]: [JodexPromo] Loading JodexPromo v1.0.4
[21:16:45] [Server thread/INFO]: [neoexpirience] Loading neoexpirience v1.2
[21:16:45] [Server thread/INFO]: [PlaceholderAPI] Loading PlaceholderAPI v2.11.2
[21:16:45] [Server thread/INFO]: [UniversalBlocker] Loading UniversalBlocker v2.0.2
[21:16:45] [Server thread/INFO]: [ClanSystem] Loading ClanSystem v1.0.0
[21:16:45] [Server thread/INFO]: [CommandTimer] Loading CommandTimer v8.5.6
[21:16:45] [Server thread/INFO]: [Vulcan] Loading Vulcan v2.8.6
[21:16:46] [Server thread/INFO]: [CraftEnhance] Loading CraftEnhance v2.5.9
[21:16:46] [Server thread/INFO]: [DiscordReports] Loading DiscordReports v1.0
[21:16:46] [Server thread/INFO]: [skVoidCommand] Loading skVoidCommand v1.0-SNAPSHOT
[21:16:46] [Server thread/INFO]: [NBTAPI] Loading NBTAPI v2.12.3
[21:16:46] [Server thread/INFO]: [NBTAPI] [NBTAPI] Found Minecraft: v1_16_R3! Trying to find NMS support
[21:16:46] [Server thread/INFO]: [NBTAPI] [NBTAPI] NMS support 'MC1_16_R3' loaded!
[21:16:46] [Server thread/INFO]: [NBTAPI] [NBTAPI] Using the plugin 'NBTAPI' to create a bStats instance!
[21:16:46] [Server thread/INFO]: [RedStoneExploitFix] Loading RedStoneExploitFix v1.0.0
[21:16:46] [Server thread/INFO]: [LuckPerms] Loading LuckPerms v5.5.42
[21:16:47] [Server thread/INFO]: [LuckPerms] Loading configuration...
[21:16:47] [Server thread/INFO]: [DiscordProof] Loading DiscordProof v1.0
[21:16:47] [Server thread/INFO]: [SAML] Loading SAML v2.0.0
[21:16:47] [Server thread/INFO]: [VillagerOptimiser] Loading VillagerOptimiser v1.1.5
[21:16:47] [Server thread/INFO]: [skHider] Loading skHider v1.0-SNAPSHOT
[21:16:47] [Server thread/INFO]: [LiteBans] Loading LiteBans v2.14.1
[21:16:47] [Server thread/INFO]: [AtomicCheck] Loading AtomicCheck v[1.5.1]
[21:16:47] [Server thread/INFO]: [ProtocolLib] Loading ProtocolLib v5.2.0-SNAPSHOT-679
[21:16:47] [Thread-11/WARN]: [NBTAPI] [NBTAPI] The NBT-API in 'NBTAPI' seems to be outdated!
[21:16:47] [Thread-11/WARN]: [NBTAPI] [NBTAPI] Current Version: '2.12.3' Newest Version: 2.15.7'
[21:16:47] [Thread-11/WARN]: [NBTAPI] [NBTAPI] Please update the NBTAPI or the plugin that contains the api(nag the mod author when the newest release has an old version, not the NBTAPI dev)!
[21:16:48] [LiteBans-0/WARN]: [LiteBans] Loaded class com.comphenix.protocol.events.PacketAdapter from ProtocolLib v5.2.0-SNAPSHOT-679 which is not a depend, softdepend or loadbefore of this plugin.
[21:16:48] [Server thread/INFO]: [HamsterAPI] Loading HamsterAPI v0.2.3
[21:16:48] [Server thread/INFO]: [FiguresFix] Loading FiguresFix v1.0.3
[21:16:48] [Server thread/INFO]: [AntiStringDupe] Loading AntiStringDupe v1.0-SNAPSHOT
[21:16:48] [Server thread/INFO]: [Automessage] Loading Automessage v1.2
[21:16:48] [Server thread/INFO]: [HideAchievements] Loading HideAchievements v1.0.0
[21:16:48] [Server thread/INFO]: [XorekLoader] Loading XorekLoader v1.0-SNAPSHOT
[21:16:48] [Server thread/INFO]: [AntiDisconnectSpam] Loading AntiDisconnectSpam v2.1.1
[21:16:48] [Server thread/INFO]: [ExploitFixer] Loading ExploitFixer v1.7.5
[21:16:48] [Server thread/INFO]: [Vault] Loading Vault v1.7.3-b131
[21:16:48] [Server thread/INFO]: [NewbieChat] Loading NewbieChat v1.6.7-h2
[21:16:48] [Server thread/INFO]: [FastFix] Loading FastFix v1.0
[21:16:48] [Server thread/INFO]: [DesireBridge] Loading DesireBridge v1.0.0
[21:16:48] [Server thread/INFO]: [PlayerPoints] Loading PlayerPoints v3.2.6
[21:16:48] [Server thread/INFO]: [LiteNotify] Loading LiteNotify v1.1
[21:16:48] [Server thread/INFO]: [Images] Loading Images v2.3.2
[21:16:48] [Server thread/INFO]: [Orebfuscator] Loading Orebfuscator v5.4.3
[21:16:48] [Server thread/INFO]: [BigTeamCompletionFix] Loading BigTeamCompletionFix v1.0.0-SNAPSHOT
[21:16:48] [Server thread/INFO]: [FacilisCommon] Loading FacilisCommon v1.0.5-SNAPSHOT
[21:16:48] [Server thread/INFO]: [WorldEdit] Loading WorldEdit v7.2.4+5723-e3bfc64
[21:16:50] [Server thread/INFO]: Got request to register class com.sk89q.worldedit.bukkit.BukkitServerInterface with WorldEdit [com.sk89q.worldedit.extension.platform.PlatformManager@4a4acbe7]
[21:16:50] [Server thread/INFO]: [Log4JExploitFix] Loading Log4JExploitFix v1.3.3
[21:16:50] [Server thread/INFO]: [Log4JExploitFix] Successfully applied filters to Appenders File, ServerGuiConsole, TerminalConsole
[21:16:50] [Server thread/INFO]: [BetterTalismans] Loading BetterTalismans v0.8-BETA
[21:16:50] [Server thread/INFO]: [DecentHolograms] Loading DecentHolograms v2.8.6
[21:16:50] [Server thread/INFO]: [Essentials] Loading Essentials v2.21.2
[21:16:50] [Server thread/INFO]: [IllegalStack] Loading IllegalStack v2.9.9
[21:16:50] [Server thread/INFO]: [PacketsBookFix] Loading PacketsBookFix v1.0
[21:16:50] [Server thread/INFO]: [SimpleGranter] Loading SimpleGranter v1.0.4
[21:16:50] [Server thread/INFO]: [ajLeaderboards] Loading ajLeaderboards v2.8.0
[21:16:50] [Server thread/INFO]: [ajLeaderboards] Verifying checksum for gson
[21:16:50] [Server thread/INFO]: [ajLeaderboards] Checksum matched for gson
[21:16:50] [Server thread/INFO]: [ajLeaderboards] Verifying checksum for jar-relocator
[21:16:50] [Server thread/INFO]: [ajLeaderboards] Checksum matched for jar-relocator
[21:16:50] [Server thread/INFO]: [ajLeaderboards] Verifying checksum for asm
[21:16:50] [Server thread/INFO]: [ajLeaderboards] Checksum matched for asm
[21:16:50] [Server thread/INFO]: [ajLeaderboards] Verifying checksum for asm-commons
[21:16:50] [Server thread/INFO]: [ajLeaderboards] Checksum matched for asm-commons
[21:16:50] [Server thread/INFO]: [ajLeaderboards] Verifying checksum for gson
[21:16:50] [Server thread/INFO]: [ajLeaderboards] Checksum matched for gson
[21:16:50] [Server thread/INFO]: [ajLeaderboards] Verifying checksum for HikariCP
[21:16:50] [Server thread/INFO]: [ajLeaderboards] Checksum matched for HikariCP
[21:16:50] [Server thread/INFO]: [ajLeaderboards] Verifying checksum for slf4j-api
[21:16:50] [Server thread/INFO]: [ajLeaderboards] Checksum matched for slf4j-api
[21:16:50] [Server thread/INFO]: [ajLeaderboards] Verifying checksum for h2
[21:16:50] [Server thread/INFO]: [ajLeaderboards] Checksum matched for h2
[21:16:50] [Server thread/INFO]: [CrazyAuctions] Loading CrazyAuctions v1.0
[21:16:50] [Server thread/INFO]: [PrimeAlchemist] Loading PrimeAlchemist v1.2.4
[21:16:50] [Server thread/INFO]: [TAB] Loading TAB v6.0.2
[21:16:50] [Server thread/INFO]: [ChatEx] Loading ChatEx v2.7.1
[21:16:50] [Server thread/INFO]: [AtomicChestDeath] Loading AtomicChestDeath v1.3
[21:16:50] [Server thread/INFO]: [DonateCase] Loading DonateCase v2.2.0.4
[21:16:50] [Server thread/INFO]: [fmRestrict] Loading fmRestrict v1.7
[21:16:50] [Server thread/INFO]: [WorldGuard] Loading WorldGuard v7.0.5+3827266
[21:16:50] [Server thread/INFO]: [MultiWorld] Loading MultiWorld v1.5.8-SNAPSHOT
[21:16:50] [Server thread/INFO]: [SCore] Loading SCore v4.24.4.15
[21:16:50] [Server thread/INFO]: [antiRedstoneClock] Loading antiRedstoneClock v1.5.0
[21:16:50] [Server thread/WARN]: [antiRedstoneClock] WorldGuard 7 is not supported
[21:16:50] [Server thread/INFO]: [IBItems] Loading IBItems v1.0
[21:16:50] [Server thread/INFO]: [EssentialsSpawn] Loading EssentialsSpawn v2.21.2
[21:16:50] [Server thread/INFO]: [ExecutableItems] Loading ExecutableItems v6.24.4.15
[21:16:50] [Server thread/INFO]: [WorldBorder] Loading WorldBorder v1.2
[21:16:50] [Server thread/INFO]: [AutoMine] Loading AutoMine v0.1.5
[21:16:50] [Server thread/INFO]: [DeluxeMenus] Loading DeluxeMenus v1.14.1-Release
[21:16:50] [Server thread/INFO]: [DeluxeMenus] NMS hook has been setup successfully!
[21:16:50] [Server thread/INFO]: [ProtectionStones] Loading ProtectionStones v2.8.5
[21:16:50] [Server thread/INFO]: [AuthMe] Loading AuthMe v5.6.0-bCUSTOM
[21:16:50] [Server thread/INFO]: [IRandomTeleport] Loading IRandomTeleport v1.9
[21:16:50] [Server thread/INFO]: [AntiRelog] Loading AntiRelog v3.0.11
[21:16:50] [Server thread/INFO]: [BAirDrop] Loading BAirDrop v1.0.9
[21:16:50] [Server thread/INFO]: [AntirelogScoreboard] Loading AntirelogScoreboard v1.3.2-BETA
[21:16:50] [Server thread/INFO]: [AdvancedEnchantments] Loading AdvancedEnchantments v9.1.5
[21:16:50] [Server thread/INFO]: [PlugManX] Loading PlugManX v2.3.6
[21:16:50] [Server thread/INFO]: Server permissions file permissions.yml is empty, ignoring it
[21:16:50] [Server thread/INFO]: [LuckPerms] Enabling LuckPerms v5.5.42
[21:16:51] [Server thread/INFO]:         __    
[21:16:51] [Server thread/INFO]:   |    |__)   LuckPerms v5.5.42
[21:16:51] [Server thread/INFO]:   |___ |      Running on Bukkit - Purpur
[21:16:51] [Server thread/INFO]: 
[21:16:52] [Server thread/INFO]: [LuckPerms] Loading storage provider... [H2]
[21:16:53] [Server thread/INFO]: [LuckPerms] Loading internal permission managers...
[21:16:53] [Server thread/INFO]: [LuckPerms] Performing initial data load...
[21:16:53] [Server thread/INFO]: [LuckPerms] Successfully enabled. (took 3232ms)
[21:16:53] [Server thread/INFO]: [ProtocolLib] Enabling ProtocolLib v5.2.0-SNAPSHOT-679
[21:16:53] [Server thread/INFO]: [HideAchievements] Enabling HideAchievements v1.0.0*
[21:16:53] [Server thread/INFO]: [Vault] Enabling Vault v1.7.3-b131
[21:16:53] [Server thread/WARN]: [Vault] Loaded class com.earth2me.essentials.api.Economy from Essentials v2.21.2 which is not a depend, softdepend or loadbefore of this plugin.
[21:16:53] [Server thread/INFO]: [Vault] [Economy] Essentials Economy found: Waiting
[21:16:53] [Server thread/INFO]: [Vault] [Permission] SuperPermissions loaded as backup permission system.
[21:16:53] [Server thread/INFO]: [Vault] Enabled Version 1.7.3-b131
[21:16:54] [Server thread/INFO]: [LuckPerms] Registered Vault permission & chat hook.
[21:16:54] [Server thread/INFO]: [PlayerPoints] Enabling PlayerPoints v3.2.6
[21:16:54] [Server thread/INFO]: [PlayerPoints] Initializing using RoseGarden v1.2.5
[21:16:54] [Server thread/INFO]: [PlayerPoints] Data handler connected using SQLite.
[21:16:54] [Server thread/INFO]: [WorldEdit] Enabling WorldEdit v7.2.4+5723-e3bfc64
[21:16:54] [Server thread/INFO]: WEPIF: Vault detected! Using Vault for permissions
[21:16:55] [Server thread/INFO]: Using com.sk89q.worldedit.bukkit.adapter.impl.Spigot_v1_16_R3 as the Bukkit adapter
[21:16:56] [Server thread/INFO]: [PlugManX] Enabling PlugManX v2.3.6
[21:16:56] [Server thread/WARN]: **** SERVER IS RUNNING IN OFFLINE/INSECURE MODE!
[21:16:56] [Server thread/WARN]: The server will make no attempt to authenticate usernames. Beware.
[21:16:56] [Server thread/WARN]: While this makes the game possible to play without internet access, it also opens up the ability for hackers to connect with any username they choose.
[21:16:56] [Server thread/WARN]: You will not be offered any support as long as the server allows offline-mode players to join.
[21:16:56] [Server thread/WARN]: To change this, set "online-mode" to "true" in the server.properties file.
[21:16:56] [Server thread/INFO]: Preparing level "spawn"
[21:16:57] [Server thread/INFO]: Registering commands with com.sk89q.worldedit.bukkit.BukkitServerInterface
[21:16:57] [Server thread/INFO]: Preparing start region for dimension minecraft:overworld
[21:16:58] [Server thread/INFO]: Preparing spawn area: 0%
[21:16:58] [Server thread/INFO]: Preparing spawn area: 10%
[21:16:58] [Server thread/INFO]: Time elapsed: 556 ms
[21:16:58] [Server thread/INFO]: [HideAchievements] Achievements are now hidden for world 'spawn'.
[21:16:58] [Server thread/INFO]: Preparing start region for dimension minecraft:the_nether
[21:16:58] [Server thread/INFO]: Time elapsed: 257 ms
[21:16:58] [Server thread/INFO]: [HideAchievements] Achievements are now hidden for world 'spawn_nether'.
[21:16:58] [Server thread/INFO]: Preparing start region for dimension minecraft:the_end
[21:16:58] [Server thread/INFO]: Time elapsed: 144 ms
[21:16:58] [Server thread/INFO]: [HideAchievements] Achievements are now hidden for world 'spawn_the_end'.
[21:16:58] [Server thread/INFO]: [fmPotionStacker] Enabling fmPotionStacker v1.3
[21:16:58] [Server thread/INFO]: 
[21:16:58] [Server thread/INFO]: » Плагин fmPotionStacker включился!
[21:16:58] [Server thread/INFO]: » Версия: v1.3
[21:16:58] [Server thread/INFO]: 
[21:16:58] [Server thread/INFO]: [JodexPromo] Enabling JodexPromo v1.0.4
[21:16:58] [Server thread/WARN]: [JodexPromo] Loaded class me.clip.placeholderapi.expansion.PlaceholderExpansion from PlaceholderAPI v2.11.2 which is not a depend, softdepend or loadbefore of this plugin.
[21:16:58] [Server thread/INFO]: [PlaceholderAPI] Successfully registered expansion: JodexPromo [1.0.4]
[21:16:58] [Server thread/INFO]: [neoexpirience] Enabling neoexpirience v1.2
[21:16:58] [Server thread/INFO]: [neoexpirience] Plugin Enable.
[21:16:58] [Server thread/INFO]: [PlaceholderAPI] Enabling PlaceholderAPI v2.11.2
[21:16:59] [Server thread/INFO]: [PlaceholderAPI] Fetching available expansion information...
[21:16:59] [Server thread/INFO]: [UniversalBlocker] Enabling UniversalBlocker v2.0.2
[21:16:59] [Server thread/INFO]: [UniversalBlocker] Plugin started in 225 ms
[21:16:59] [Server thread/INFO]: [ClanSystem] Enabling ClanSystem v1.0.0
[21:16:59] [Server thread/INFO]: [ClanSystem] Загружено 1 кланов
[21:16:59] [Server thread/INFO]: [ClanSystem] =========================================
[21:16:59] [Server thread/INFO]: [ClanSystem] ClanSystem v1.0.0 включен!
[21:16:59] [Server thread/INFO]: [ClanSystem] =========================================
[21:16:59] [Server thread/INFO]: [CommandTimer] Enabling CommandTimer v8.5.6
[21:16:59] [Server thread/INFO]: [PlaceholderAPI] Successfully registered expansion: commandtimer [8.5.6]
[21:16:59] [Server thread/INFO]: [CommandTimer] CommandTimer hooked in PlaceholderAPI
[21:16:59] [Server thread/INFO]: [CommandTimer] Processing task airship.json
[21:16:59] [Server thread/INFO]: [CommandTimer] Processing task house.json
[21:16:59] [Server thread/INFO]: [CommandTimer] Processing task lovish.json
[21:16:59] [Server thread/INFO]: [CommandTimer] Processing task witch.json
[21:17:00] [Server thread/INFO]: [CommandTimer] Server time : 21:17:00
[21:17:00] [Server thread/INFO]: [CommandTimer] Server day : WEDNESDAY
[21:17:00] [Server thread/INFO]: [CommandTimer] 8.5.6 loaded!
[21:17:00] [Server thread/INFO]: [Vulcan] Enabling Vulcan v2.8.6
[21:17:01] [Server thread/INFO]: [Vulcan] Server Version: 1.16.5 detected!
[21:17:01] [Server thread/INFO]: [PlaceholderAPI] Successfully registered expansion: Vulcan [2.8.6]
[21:17:01] [Server thread/INFO]: [Vulcan] PlaceholderAPI found. Enabling hook!
[21:17:01] [Server thread/INFO]: [CraftEnhance] Enabling CraftEnhance v2.5.9
[21:17:01] [Server thread/INFO]: [CraftEnhance] Now starting MenuApi. Any errors will be shown below.
[21:17:01] [Server thread/INFO]: [NBTAPI] [NBTAPI] NMS support 'MC1_16_R3' loaded!
[21:17:01] [Server thread/INFO]: [NBTAPI] [NBTAPI] Found Gson: class com.google.gson.Gson
[21:17:02] [Server thread/INFO]: getServerRecipe shapelessfalse
[21:17:02] [Server thread/INFO]: getServerRecipe shapelessfalse
[21:17:02] [Server thread/INFO]: getServerRecipe shapelessfalse
[21:17:02] [Thread-22/WARN]: [NBTAPI] [NBTAPI] The NBT-API located at 'package craftenhance.libs.menulib.dependencies.nbt.nbtapi' seems to be outdated!
[21:17:02] [Thread-22/WARN]: [NBTAPI] [NBTAPI] Current Version: '2.11.2' Newest Version: 2.15.7'
[21:17:02] [Thread-22/WARN]: [NBTAPI] [NBTAPI] Please update the NBTAPI or the plugin that contains the api(nag the mod author when the newest release has an old version, not the NBTAPI dev)!
[21:17:02] [Server thread/INFO]: [CraftEnhance] CraftEnhance is managed and developed by DutchJelly.
[21:17:02] [Server thread/INFO]: [CraftEnhance] If you find a bug in the plugin, please report it to https://github.com/DutchJelly/CraftEnhance/issues.
[21:17:02] [Server thread/INFO]: [CraftEnhance] Running a version check to check that the server is compatible with game version 1.9, 1.10, 1.11, 1.12, 1.13, 1.14, 1.15, 1.16, 1.17, 1.18, 1.19, 1.20.
[21:17:02] [Server thread/INFO]: [CraftEnhance] The correct version is installed.
[21:17:02] [Server thread/INFO]: [DiscordReports] Enabling DiscordReports v1.0
[21:17:02] [Server thread/INFO]: [skVoidCommand] Enabling skVoidCommand v1.0-SNAPSHOT
[21:17:02] [Server thread/INFO]: [skVoidCommand] Плагин успешно включен!
[21:17:02] [Server thread/INFO]: [NBTAPI] Enabling NBTAPI v2.12.3
[21:17:02] [Server thread/INFO]: [NBTAPI] Adding listeners...
[21:17:02] [Server thread/INFO]: [NBTAPI] Checking bindings...
[21:17:02] [Server thread/INFO]: [NBTAPI] All Classes were able to link!
[21:17:02] [Server thread/INFO]: [NBTAPI] All Methods were able to link!
[21:17:02] [Server thread/INFO]: [NBTAPI] Running NBT reflection test...
[21:17:02] [Server thread/INFO]: [NBTAPI] Success! This version of NBT-API is compatible with your server.
[21:17:02] [Server thread/INFO]: [RedStoneExploitFix] Enabling RedStoneExploitFix v1.0.0*
[21:17:02] [Server thread/INFO]: [DiscordProof] Enabling DiscordProof v1.0
[21:17:02] [Server thread/INFO]: [SAML] Enabling SAML v2.0.0
[21:17:02] [Server thread/INFO]: [SAML] Loading config.yml...
[21:17:02] [Server thread/INFO]: [SAML] Successfully loaded config.yml.
[21:17:02] [Server thread/INFO]: [SAML] Loading custom_groups.yml...
[21:17:02] [Server thread/INFO]: [SAML] Successfully loaded custom_groups.yml.
[21:17:02] [Server thread/INFO]: [SAML] Loading nerfer_goals.yml...
[21:17:02] [Server thread/INFO]: [SAML] Successfully loaded nerfer_goals.yml.
[21:17:02] [Server thread/INFO]: [SAML] Loading messages.yml...
[21:17:02] [Server thread/INFO]: [SAML] Successfully loaded messages.yml.
[21:17:02] [Server thread/INFO]: [SAML] Successfully enabled.
[21:17:02] [Server thread/INFO]: [VillagerOptimiser] Enabling VillagerOptimiser v1.1.5
[21:17:02] [Server thread/INFO]: [VillagerOptimiser] Loading config.yml...
[21:17:02] [Server thread/INFO]: [VillagerOptimiser] Successfully loaded config.yml.
[21:17:02] [Server thread/INFO]: [VillagerOptimiser] Successfully enabled.
[21:17:02] [Server thread/INFO]: [skHider] Enabling skHider v1.0-SNAPSHOT
[21:17:02] [Server thread/INFO]: [LiteBans] Enabling LiteBans v2.14.1
[21:17:02] [Server thread/INFO]: [LiteBans] Using default database drivers (version:8).
[21:17:02] [Server thread/INFO]: [LiteBans] Using system locale (ru)
[21:17:02] [Server thread/INFO]: [LiteBans] Loaded 2 templates from templates.yml!
[21:17:03] [Server thread/INFO]: [LiteBans] Loading SQL driver: h2 1.4.197 (org.h2.Driver)
[21:17:03] [Server thread/INFO]: [LiteBans] Connecting to database...
[21:17:03] [Server thread/INFO]: [LiteBans] litebans-pool - Starting...
[21:17:03] [Server thread/INFO]: [LiteBans] litebans-pool - Start completed.
[21:17:03] [Server thread/INFO]: [LiteBans] Connected to H2 database successfully (201 ms).
[21:17:03] [Server thread/INFO]: [LiteBans] Database connection fully initialized (209,8 ms).
[21:17:03] [Server thread/INFO]: [LiteBans] v2.14.1 enabled. Startup took 463 ms.
[21:17:03] [Server thread/INFO]: [AtomicCheck] Enabling AtomicCheck v[1.5.1]
[21:17:03] [Server thread/INFO]: [AtomicCheck] [INFO] Plugin PlaceholderAPI found, initialization...
[21:17:03] [Server thread/INFO]: [PlaceholderAPI] Successfully registered expansion: atomiccheck [1.0]
[21:17:03] [Server thread/INFO]: [AtomicCheck] [INFO] Loading files...
[21:17:03] [Server thread/INFO]: [HamsterAPI] Enabling HamsterAPI v0.2.3
[21:17:03] [Server thread/INFO]: [FiguresFix] Enabling FiguresFix v1.0.3*
[21:17:03] [Server thread/INFO]: [FiguresFix] Max pages: 50
[21:17:03] [Server thread/INFO]: [FiguresFix] limit-open-inventory-per-10-sec: 10
[21:17:03] [Server thread/INFO]: [FiguresFix] limit-open-inventory-per-1-min: 30
[21:17:03] [Server thread/INFO]: [FiguresFix] Shulker box materials: 16
[21:17:03] [Server thread/INFO]: [AntiStringDupe] Enabling AntiStringDupe v1.0-SNAPSHOT
[21:17:03] [Server thread/INFO]: [Automessage] Enabling Automessage v1.2*
[21:17:03] [Server thread/INFO]: [AutoMessage] 9 messages loaded.
[21:17:03] [Server thread/INFO]: [AutoMessage] Version 1.2 von Voyqed wurde geladen.
[21:17:03] [Server thread/INFO]: [XorekLoader] Enabling XorekLoader v1.0-SNAPSHOT
[21:17:03] [Server thread/INFO]: [AntiDisconnectSpam] Enabling AntiDisconnectSpam v2.1.1
[21:17:03] [Server thread/INFO]: [AntiDisconnectSpam] Starting...
[21:17:03] [Server thread/INFO]: [AntiDisconnectSpam] Loading configs...
[21:17:03] [Server thread/INFO]: Config plugins/AntiDisconnectSpam/config.json loaded!
[21:17:03] [Server thread/INFO]: [AntiDisconnectSpam] Configs loaded!
[21:17:03] [Server thread/INFO]: [AntiDisconnectSpam] Started!
[21:17:03] [Server thread/INFO]: [ExploitFixer] Enabling ExploitFixer v1.7.5
[21:17:03] [Server thread/INFO]: [ExploitFixer] Successfully registered commands!
[21:17:03] [Server thread/INFO]: [ExploitFixer] Successfully registered listeners!
[21:17:03] [Server thread/INFO]: [ExploitFixer] Successfully hooked with HamsterAPI!
[21:17:03] [Server thread/INFO]: [ExploitFixer] Successfully registered tasks!
[21:17:03] [Server thread/INFO]: [NewbieChat] Enabling NewbieChat v1.6.7-h2*
[21:17:03] [Server thread/INFO]: NewbieChat | ============================
[21:17:03] [Server thread/INFO]: NewbieChat | Версия 1.6.7-h2
[21:17:03] [Server thread/INFO]: NewbieChat | Разработчик: https://vk.com/emptycsgo
[21:17:03] [Server thread/INFO]: NewbieChat | ============================
[21:17:03] [Server thread/INFO]: [FastFix] Enabling FastFix v1.0*
[21:17:03] [Server thread/INFO]: [DesireBridge] Enabling DesireBridge v1.0.0
[21:17:03] [Server thread/INFO]: [PlaceholderAPI] Successfully registered expansion: desire [1.0.0]
[21:17:03] [Server thread/INFO]: [DesireBridge] PlaceholderAPI placeholders registered.
[21:17:03] [Server thread/INFO]: [LiteNotify] Enabling LiteNotify v1.1*
[21:17:03] [Server thread/INFO]: [LiteNotify] Интеграция с Telegram включена!
[21:17:03] [Server thread/INFO]: [LiteNotify] Интеграция с VK включена!
[21:17:03] [Server thread/INFO]: [Images] Enabling Images v2.3.2
[21:17:03] [Server thread/INFO]: [Images] ProtocolLib detected. Enabling generic packet handling...
[21:17:03] [Server thread/INFO]: [Orebfuscator] Enabling Orebfuscator v5.4.3
[21:17:03] [Thread-20/INFO]: [CommandTimer] Checking for update...
[21:17:03] [Thread-20/INFO]: [CommandTimer] Update found!
[21:17:04] [Server thread/INFO]: [BigTeamCompletionFix] Enabling BigTeamCompletionFix v1.0.0-SNAPSHOT
[21:17:04] [Server thread/INFO]: [FacilisCommon] Enabling FacilisCommon v1.0.5-SNAPSHOT
[21:17:04] [Server thread/INFO]: [FacilisCommon] Server Version: 1.16.5
[21:17:04] [Server thread/INFO]: [Log4JExploitFix] Enabling Log4JExploitFix v1.3.3
[21:17:04] [Server thread/INFO]: [BetterTalismans] Enabling BetterTalismans v0.8-BETA
[21:17:04] [Server thread/INFO]: [BetterTalismans] Inventory title with support for more than 32 characters. Skipping..
[21:17:04] [Server thread/INFO]: [BetterTalismans] Hex colors are available! Ready for RGB..
[21:17:04] [Server thread/INFO]: [BetterTalismans] Old constructor for HoverEvent found! Using it..
[21:17:04] [Server thread/INFO]: [BetterTalismans] New sendTitle method found! Using it..
[21:17:04] [Server thread/INFO]: [BetterTalismans] New setUnbreakable method found! Using it..
[21:17:04] [Server thread/INFO]: [BetterTalismans] New isUnbreakable method found! Using it..
[21:17:04] [Server thread/INFO]:   ___      _   _          _____     _ _                       
[21:17:04] [Server thread/INFO]:  | _ ) ___| |_| |_ ___ _ |_   _|_ _| (_)____ __  __ _ _ _  ___
[21:17:04] [Server thread/INFO]:  | _ \/ -_)  _|  _/ -_) '_|| |/ _` | | (_-< '  \/ _` | ' \(_-<
[21:17:04] [Server thread/INFO]:  |___/\___|\__|\__\___|_|  |_|\__,_|_|_/__/_|_|_\__,_|_||_/__/
[21:17:04] [Server thread/INFO]: 
[21:17:04] [Server thread/INFO]:    Running plugin BetterTalismans v0.8-BETA (v1_16)
[21:17:04] [Server thread/INFO]:    Server running Purpur version git-Purpur-1171 (MC: 1.16.5)
[21:17:04] [Server thread/INFO]:    (Implementing API version git-Purpur-1171 (MC: 1.16.5))
[21:17:04] [Server thread/INFO]:    (Developed by  AlonsoAliaga - Thanks for using my plugin ?)
[21:17:04] [Server thread/INFO]:    (If you loved the plugin consider leaving a review and mentioning your server IP in it!
[21:17:04] [Server thread/INFO]: 
[21:17:04] [Server thread/INFO]: ==============================================================================================
[21:17:04] [Server thread/INFO]: [BetterTalismans] You are using a Paper fork (Purpur), plugin should work fine!
[21:17:04] [Server thread/INFO]: [BetterTalismans] If you have issues, join us on our official support server on alonsoaliaga.com/discord
[21:17:04] [Server thread/INFO]: ==============================================================================================
[21:17:04] [Server thread/INFO]: 
[21:17:04] [Server thread/INFO]: [BetterTalismans] BungeeCord action bar available. Hooking..
[21:17:04] [Server thread/INFO]: [BetterTalismans] ProtocolLib found! Checking..
[21:17:04] [Server thread/INFO]: [Auto-update] Configuration is up-to-date!
[21:17:04] [Server thread/INFO]: [BetterTalismans] Old ItemStack constructor is available!
[21:17:04] [Server thread/INFO]: [BetterTalismans] SkullMeta#setOwningPlayer method is available for heads.
[21:17:04] [Server thread/INFO]: [BetterTalismans] SkullMeta#setOwner method is available for heads.
[21:17:04] [Server thread/INFO]: [BetterTalismans] SkullMeta#setOwnerProfile is not available for heads. Ignoring..
[21:17:04] [Server thread/INFO]: [BetterTalismans] GameProfile "profile" field available for heads (@Nullable name). Using it for heads..
[21:17:04] [Server thread/INFO]: [BetterTalismans] New setUnbreakable method found! Using it..
[21:17:04] [Server thread/INFO]: [BetterTalismans] New setOwningPlayer method is available!
[21:17:04] [Server thread/INFO]: [BetterTalismans] Old Bukkit#getOfflinePlayer(String name) method is available!
[21:17:04] [Server thread/INFO]: [BetterTalismans] New isUnbreakable method found! Using it..
[21:17:04] [Server thread/INFO]: [BetterTalismans] Discovering recipes is enabled and feature is available. Checking..
[21:17:04] [Server thread/INFO]: [BetterTalismans] Modifier MAX_ABSORPTION is not available in v1_16. Disabling..
[21:17:04] [Server thread/INFO]: [BetterTalismans] Loaded Talisman Xeops recipe!
[21:17:04] [Server thread/INFO]: [BetterTalismans] Loaded Talisman Gerakl recipe!
[21:17:04] [Server thread/INFO]: [BetterTalismans] Loaded Talisman Dionis recipe!
[21:17:04] [Server thread/INFO]: [BetterTalismans] Loaded Talisman Epiona recipe!
[21:17:04] [Server thread/INFO]: [BetterTalismans] Loaded Talisman Femida recipe!
[21:17:04] [Server thread/INFO]: [BetterTalismans] Loaded Talisman Prometey recipe!
[21:17:04] [Server thread/INFO]: [BetterTalismans] Loaded Talisman Apisa recipe!
[21:17:04] [Server thread/INFO]: [BetterTalismans] Successfully loaded 7 talismans!
[21:17:04] [Server thread/INFO]: [DecentHolograms] Enabling DecentHolograms v2.8.6
[21:17:04] [Server thread/INFO]: [Essentials] Enabling Essentials v2.21.2
[21:17:04] [Server thread/INFO]: [Essentials] Attempting to convert old kits in config.yml to new kits.yml
[21:17:04] [Server thread/INFO]: [Essentials] No kits found to migrate.
[21:17:04] [Server thread/INFO]: [Essentials] Selected Reflection Formatted Command Alias Provider as the provider for FormattedCommandAliasProvider
[21:17:04] [Server thread/INFO]: [Essentials] Selected Legacy InventoryView Abstract Class ABI Provider as the provider for InventoryViewProvider
[21:17:04] [Server thread/INFO]: [Essentials] Selected Paper Server State Provider as the provider for ServerStateProvider
[21:17:04] [Server thread/INFO]: [Essentials] Selected 1.12.2+ Player Locale Provider as the provider for PlayerLocaleProvider
[21:17:04] [Server thread/INFO]: [Essentials] Selected Legacy Biome Name Provider as the provider for BiomeNameProvider
[21:17:04] [Server thread/INFO]: [Essentials] Selected 1.14.4+ Persistent Data Container Provider as the provider for PersistentDataProvider
[21:17:04] [Server thread/INFO]: [Essentials] Selected Paper Known Commands Provider as the provider for KnownCommandsProvider
[21:17:04] [Server thread/INFO]: [Essentials] No provider found for BiomeKeyProvider, but it is nullable
[21:17:04] [Server thread/INFO]: [Essentials] Selected 1.13+ Spawn Egg Provider as the provider for SpawnEggProvider
[21:17:04] [Server thread/INFO]: [Essentials] Selected 1.11+ Item Unbreakable Provider as the provider for ItemUnbreakableProvider
[21:17:04] [Server thread/INFO]: [Essentials] Selected 1.20.5+ Banner Data Provider as the provider for BannerDataProvider
[21:17:04] [Server thread/INFO]: [Essentials] Selected Paper Serialization Provider as the provider for SerializationProvider
[21:17:04] [Server thread/INFO]: [Essentials] Selected 1.8.3+ Spawner Item Provider as the provider for SpawnerItemProvider
[21:17:04] [Server thread/INFO]: [Essentials] Selected 1.14+ Sign Data Provider as the provider for SignDataProvider
[21:17:04] [Server thread/INFO]: [Essentials] Selected Paper Container Provider as the provider for ContainerProvider
[21:17:04] [Server thread/INFO]: [Essentials] Selected Legacy Damage Event Provider as the provider for DamageEventProvider
[21:17:04] [Server thread/INFO]: [Essentials] Selected Paper Tick Count Provider as the provider for TickCountProvider
[21:17:04] [Server thread/INFO]: [Essentials] Selected 1.9-1.20.4 Potion Meta Provider as the provider for PotionMetaProvider
[21:17:04] [Server thread/INFO]: [Essentials] Selected Paper Material Tag Provider as the provider for MaterialTagProvider
[21:17:04] [Server thread/INFO]: [Essentials] Selected Reflection Online Mode Provider as the provider for OnlineModeProvider
[21:17:04] [Server thread/INFO]: [Essentials] Selected 1.12+ Spawner Block Provider as the provider for SpawnerBlockProvider
[21:17:04] [Server thread/INFO]: [Essentials] Selected Fixed Height World Info Provider as the provider for WorldInfoProvider
[21:17:04] [Server thread/INFO]: [Essentials] Selected Reflection Sync Commands Provider as the provider for SyncCommandsProvider
[21:17:05] [Server thread/INFO]: [Essentials] Loaded 38132 items from items.json.
[21:17:05] [Server thread/INFO]: [Essentials] Using locale ru
[21:17:05] [Server thread/INFO]: [Essentials] ServerListPingEvent: Spigot iterator API
[21:17:05] [Server thread/INFO]: [Essentials] Starting Metrics. Opt-out using the global bStats config.
[21:17:05] [Server thread/INFO]: [Vault] [Economy] Essentials Economy hooked.
[21:17:05] [Server thread/INFO]: [Essentials] Using Vault based permissions (LuckPerms)
[21:17:05] [Server thread/INFO]: [IllegalStack] Enabling IllegalStack v2.9.9
[21:17:05] [Server thread/INFO]: [IllegalStack/IllegalStack] The following materials are allowed to have stacks larger than the vanilla size: POTION 
[21:17:05] [Server thread/INFO]: [IllegalStack/IllegalStack] Chat Components found! Enabling clickable commands in /istack
[21:17:05] [Server thread/WARN]: [IllegalStack] Loaded class fr.minuskube.inv.content.InventoryProvider from CommandTimer v8.5.6 which is not a depend, softdepend or loadbefore of this plugin.
[21:17:05] [Server thread/INFO]: [IllegalStack/fListener] MC Version v1_16_r3 detected!
[21:17:05] [Server thread/INFO]: [IllegalStack/Listener113] Enabling 1.13+ Checks
[21:17:05] [Server thread/INFO]: [IllegalStack/IllegalStack] ZombieVillagerTransformChance is set to 65 *** Only really matters if the difficulty is set to HARD ***
[21:17:05] [Server thread/INFO]: [PacketsBookFix] Enabling PacketsBookFix v1.0*
[21:17:05] [Server thread/INFO]: [SimpleGranter] Enabling SimpleGranter v1.0.4*
[21:17:05] [Server thread/INFO]: [SimpleGranter] Using vault driver for permissions.
[21:17:05] [Server thread/INFO]: [ajLeaderboards] Enabling ajLeaderboards v2.8.0
[21:17:06] [Server thread/INFO]: [ajLeaderboards] Using H2 flatfile for board cache. (h2)
[21:17:06] [Server thread/INFO]: [ajLeaderboards] Loaded 5 boards
[21:17:06] [Server thread/INFO]: [PlaceholderAPI] Successfully registered expansion: ajlb [2.8.0]
[21:17:06] [Server thread/INFO]: [ajLeaderboards] PAPI placeholders successfully registered!
[21:17:06] [Server thread/INFO]: [ajLeaderboards] ajLeaderboards v2.8.0 by ajgeiss0702 enabled!
[21:17:06] [Server thread/INFO]: [CrazyAuctions] Enabling CrazyAuctions v1.0
[21:17:06] [Server thread/INFO]: [CrazyAuctions] Loading the config.yml
[21:17:06] [Server thread/INFO]: [CrazyAuctions] Successfully loaded config.yml
[21:17:06] [Server thread/INFO]: [CrazyAuctions] Loading the messages.yml
[21:17:06] [Server thread/INFO]: [CrazyAuctions] Successfully loaded messages.yml
[21:17:06] [Server thread/INFO]: [CrazyAuctions] Loading the test-file.yml
[21:17:06] [Server thread/INFO]: [CrazyAuctions] Successfully loaded test-file.yml
[21:17:06] [Server thread/INFO]: [CrazyAuctions] Loading the data.yml
[21:17:06] [Server thread/INFO]: [CrazyAuctions] Successfully loaded data.yml
[21:17:06] [Server thread/INFO]: [PrimeAlchemist] Enabling PrimeAlchemist v1.2.4
[21:17:06] [Server thread/INFO]: 
[21:17:06] [Server thread/INFO]: PrimeAlchemist | Плагин запущен. Версия: v1.2.4
[21:17:06] [Server thread/INFO]: PrimeAlchemist | Разработчик: https://vk.com/emptycsgo
[21:17:06] [Server thread/INFO]: 
[21:17:06] [Server thread/INFO]: [TAB] Enabling TAB v6.0.2
[21:17:06] [Server thread/INFO]: [TAB] Found NMS implementation: me.neznamy.tab.platforms.bukkit.v1_16_R3.NMSImplementationProvider
[21:17:06] [Server thread/INFO]: [TAB] Enabled in 226ms
[21:17:06] [Server thread/INFO]: [ChatEx] Enabling ChatEx v2.7.1*
[21:17:07] [Server thread/INFO]: [ChatEx] Successfully hooked into: LuckPerms
[21:17:07] [Server thread/INFO]: [ChatEx] Hooked into PlaceholderAPI
[21:17:07] [Server thread/INFO]: [ChatEx] Server version:git-Purpur-1171 (MC: 1.16.5)
[21:17:07] [Server thread/INFO]: [ChatEx] Loading RGB ColorCodes!
[21:17:07] [Server thread/INFO]: [ChatEx] Thanks for using bstats, it was enabled!
[21:17:07] [Server thread/INFO]: [ChatEx] is now enabled!
[21:17:07] [Server thread/INFO]: [AtomicChestDeath] Enabling AtomicChestDeath v1.3
[21:17:07] [Server thread/INFO]: [PlaceholderAPI] Successfully registered expansion: atomicchestdeath [1.0]
[21:17:07] [Server thread/INFO]: [DonateCase] Enabling DonateCase v2.2.0.4
[21:17:07] [Server thread/INFO]: [PlaceholderAPI] Successfully registered expansion: DonateCase [2.2.0.4]
[21:17:07] [Server thread/INFO]: [DonateCase] Placeholders registered!
[21:17:07] [Server thread/INFO]: [DonateCase] Cases loaded!
[21:17:07] [Server thread/INFO]: [DonateCase] Registered default animations
[21:17:07] [Server thread/INFO]: [DonateCase] Enabled in 96ms
[21:17:07] [Server thread/INFO]: [fmRestrict] Enabling fmRestrict v1.7
[21:17:07] [Server thread/INFO]: 
[21:17:07] [Server thread/INFO]: » Плагин fmRestrict включен!
[21:17:07] [Server thread/INFO]: » Версия плагина: 1.7
[21:17:07] [Server thread/INFO]: 
[21:17:07] [Server thread/INFO]: [WorldGuard] Enabling WorldGuard v7.0.5+3827266
[21:17:07] [Server thread/INFO]: [WorldGuard] (spawn) TNT ignition is PERMITTED.
[21:17:07] [Server thread/INFO]: [WorldGuard] (spawn) Lighters are PERMITTED.
[21:17:07] [Server thread/INFO]: [WorldGuard] (spawn) Lava fire is PERMITTED.
[21:17:07] [Server thread/INFO]: [WorldGuard] (spawn) Fire spread is UNRESTRICTED.
[21:17:07] [Server thread/INFO]: [WorldGuard] Loaded configuration for world 'spawn'
[21:17:07] [Server thread/INFO]: [WorldGuard] (spawn_nether) TNT ignition is PERMITTED.
[21:17:07] [Server thread/INFO]: [WorldGuard] (spawn_nether) Lighters are PERMITTED.
[21:17:07] [Server thread/INFO]: [WorldGuard] (spawn_nether) Lava fire is PERMITTED.
[21:17:07] [Server thread/INFO]: [WorldGuard] (spawn_nether) Fire spread is UNRESTRICTED.
[21:17:07] [Server thread/INFO]: [WorldGuard] Loaded configuration for world 'spawn_nether'
[21:17:07] [Server thread/INFO]: [WorldGuard] (spawn_the_end) TNT ignition is PERMITTED.
[21:17:07] [Server thread/INFO]: [WorldGuard] (spawn_the_end) Lighters are PERMITTED.
[21:17:07] [Server thread/INFO]: [WorldGuard] (spawn_the_end) Lava fire is PERMITTED.
[21:17:07] [Server thread/INFO]: [WorldGuard] (spawn_the_end) Fire spread is UNRESTRICTED.
[21:17:07] [Server thread/INFO]: [WorldGuard] Loaded configuration for world 'spawn_the_end'
[21:17:07] [Server thread/INFO]: [WorldGuard] Loading region data...
[21:17:07] [Server thread/INFO]: [MultiWorld] Enabling MultiWorld v1.5.8-SNAPSHOT
[21:17:07] [Server thread/INFO]: [PlaceholderAPI] Successfully registered expansion: multiworld [1.0.0]
[21:17:07] [Server thread/INFO]: [MultiWorld] The world world will loaded...
[21:17:07] [Server thread/INFO]: Preparing start region for dimension minecraft:world
[21:17:07] [Server thread/INFO]: Preparing spawn area: 0%
[21:17:08] [Server thread/INFO]: Preparing spawn area: 0%
[21:17:08] [Server thread/INFO]: Time elapsed: 689 ms
[21:17:08] [Server thread/INFO]: [WorldGuard] (world) TNT ignition is PERMITTED.
[21:17:08] [Server thread/INFO]: [WorldGuard] (world) Lighters are PERMITTED.
[21:17:08] [Server thread/INFO]: [WorldGuard] (world) Lava fire is PERMITTED.
[21:17:08] [Server thread/INFO]: [WorldGuard] (world) Fire spread is UNRESTRICTED.
[21:17:08] [Server thread/INFO]: [WorldGuard] Loaded configuration for world 'world'
[21:17:08] [Server thread/INFO]: [HideAchievements] Achievements are now hidden for world 'world'.
[21:17:08] [Server thread/INFO]: [MultiWorld] The world world was successfully loaded!
[21:17:08] [Server thread/INFO]: [MultiWorld] The world world_the_end will loaded...
[21:17:08] [Server thread/INFO]: Preparing start region for dimension minecraft:world_the_end
[21:17:08] [Server thread/INFO]: Preparing spawn area: 0%
[21:17:08] [Server thread/INFO]: Time elapsed: 269 ms
[21:17:08] [Server thread/INFO]: [WorldGuard] (world_the_end) TNT ignition is PERMITTED.
[21:17:08] [Server thread/INFO]: [WorldGuard] (world_the_end) Lighters are PERMITTED.
[21:17:08] [Server thread/INFO]: [WorldGuard] (world_the_end) Lava fire is PERMITTED.
[21:17:08] [Server thread/INFO]: [WorldGuard] (world_the_end) Fire spread is UNRESTRICTED.
[21:17:08] [Server thread/INFO]: [WorldGuard] Loaded configuration for world 'world_the_end'
[21:17:08] [Server thread/INFO]: [HideAchievements] Achievements are now hidden for world 'world_the_end'.
[21:17:08] [Server thread/INFO]: [MultiWorld] The world world_the_end was successfully loaded!
[21:17:08] [Server thread/INFO]: [MultiWorld] The world spawn will loaded...
[21:17:08] [Server thread/INFO]: [MultiWorld] The world spawn was successfully loaded!
[21:17:08] [Server thread/INFO]: [MultiWorld] The world world_nether will loaded...
[21:17:08] [Server thread/INFO]: Preparing start region for dimension minecraft:world_nether
[21:17:08] [Server thread/INFO]: Preparing spawn area: 0%
[21:17:09] [Server thread/INFO]: Time elapsed: 237 ms
[21:17:09] [Server thread/INFO]: [WorldGuard] (world_nether) TNT ignition is PERMITTED.
[21:17:09] [Server thread/INFO]: [WorldGuard] (world_nether) Lighters are PERMITTED.
[21:17:09] [Server thread/INFO]: [WorldGuard] (world_nether) Lava fire is PERMITTED.
[21:17:09] [Server thread/INFO]: [WorldGuard] (world_nether) Fire spread is UNRESTRICTED.
[21:17:09] [Server thread/INFO]: [WorldGuard] Loaded configuration for world 'world_nether'
[21:17:09] [Server thread/INFO]: [HideAchievements] Achievements are now hidden for world 'world_nether'.
[21:17:09] [Server thread/INFO]: [MultiWorld] The world world_nether was successfully loaded!
[21:17:09] [Server thread/INFO]: [MultiWorld] Found: [7] Worlds
[21:17:09] [Server thread/INFO]: [MultiWorld] Found: [0] World Generator
[21:17:09] [Server thread/INFO]: [SCore] Enabling SCore v4.24.4.15
[21:17:09] [Server thread/INFO]: ================ SCore ================
[21:17:09] [Server thread/INFO]: SCore Version of the server git-Purpur-1171 (MC: 1.16.5) !
[21:17:09] [Server thread/INFO]: SCore ExecutableItems hooked !  (6.24.4.15) Load After
[21:17:09] [Server thread/INFO]: SCore PlaceholderAPI hooked !  (2.11.2)  Load Before
[21:17:09] [Server thread/INFO]: SCore WorldGuard hooked !  (7.0.5+3827266)  Load Before
[21:17:09] [Server thread/INFO]: SCore Vault hooked !  (1.7.3-b131)  Load Before
[21:17:09] [Server thread/INFO]: SCore ProtocolLib hooked !
[21:17:09] [Server thread/INFO]: SCore Locale setup: EN
[21:17:09] [Server thread/INFO]: SCore NBTAPI hooked !  (2.12.3)  Load Before
[21:17:09] [Server thread/INFO]: SCore DecentHolograms hooked !  (2.8.6)  Load Before
[21:17:09] [Server thread/INFO]: SCore ProtectionStones hooked !  (2.8.5) Load After
[21:17:09] [Server thread/INFO]: SCore TAB hooked !  (6.0.2)  Load Before
[21:17:09] [Server thread/INFO]: SCore WorldEdit hooked !  (7.2.4+5723-e3bfc64)  Load Before
[21:17:09] [Server thread/INFO]: SCore Language of the editor setup on EN
[21:17:09] [Server thread/INFO]: SCore Language for in-game messages setup on EN
[21:17:09] [Server thread/INFO]: SCore will connect to the database hosted: In Local
[21:17:09] [Server thread/INFO]: SCore Connection to the db...
[21:17:09] [Server thread/INFO]: SCore will connect to the database hosted: In Local
[21:17:09] [Server thread/INFO]: SCore Creating table SecurityOP if not exists...
[21:17:09] [Server thread/INFO]: SCore Creating table Commands if not exists...
[21:17:09] [Server thread/INFO]: SCore Creating table Cooldowns if not exists...
[21:17:09] [Server thread/INFO]: SCore Creating table Commands Player if not exists...
[21:17:09] [Server thread/INFO]: SCore Creating table Commands Entity if not exists...
[21:17:09] [Server thread/INFO]: SCore Creating table Commands Block if not exists...
[21:17:09] [Server thread/INFO]: SCore Creating table UsePerDay if not exists...
[21:17:10] [Server thread/INFO]: SCore SCore loaded 1 variables from local files !
[21:17:10] [Server thread/INFO]: SCore SCore loaded 0 delayed commands saved
[21:17:10] [Server thread/INFO]: [PlaceholderAPI] Successfully registered expansion: SCore [1.0.0]
[21:17:10] [Server thread/INFO]: ================ SCore ================
[21:17:10] [Server thread/INFO]: [antiRedstoneClock] Enabling antiRedstoneClock v1.5.0
[21:17:10] [Server thread/WARN]: [antiRedstoneClock] PlotSquared hasn't been found!
[21:17:10] [Server thread/INFO]: [antiRedstoneClock] Plugin loaded in 8 ms
[21:17:10] [Server thread/INFO]: [IBItems] Enabling IBItems v1.0
[21:17:10] [Server thread/INFO]: 
[21:17:10] [Server thread/INFO]: IBItems | Developer: IBoTuS
[21:17:10] [Server thread/INFO]: IBItems | Version: v1.0
[21:17:10] [Server thread/INFO]: 
[21:17:10] [Server thread/INFO]: [EssentialsSpawn] Enabling EssentialsSpawn v2.21.2
[21:17:10] [Server thread/INFO]: [EssentialsSpawn] Starting Metrics. Opt-out using the global bStats config.
[21:17:10] [Server thread/INFO]: [ExecutableItems] Enabling ExecutableItems v6.24.4.15
[21:17:10] [Server thread/INFO]: ================ ExecutableItems ================
[21:17:12] [Server thread/INFO]: ExecutableItems Amount of Executable Items configurations loaded: 5
[21:17:12] [Server thread/INFO]: ExecutableItems Items with display conditions :  
[21:17:12] [Server thread/INFO]: ================ ExecutableItems ================
[21:17:12] [Server thread/INFO]: [WorldBorder] Enabling WorldBorder v1.2
[21:17:12] [Server thread/INFO]: [AutoMine] Enabling AutoMine v0.1.5
[21:17:12] [Server thread/WARN]: java.net.UnknownHostException: ryntv55s.beget.tech
[21:17:12] [Server thread/WARN]: 	at java.base/sun.nio.ch.NioSocketImpl.connect(NioSocketImpl.java:567)
[21:17:12] [Server thread/WARN]: 	at java.base/java.net.Socket.connect(Socket.java:645)
[21:17:12] [Server thread/WARN]: 	at java.base/java.net.Socket.connect(Socket.java:595)
[21:17:12] [Server thread/WARN]: 	at java.base/sun.net.NetworkClient.doConnect(NetworkClient.java:182)
[21:17:12] [Server thread/WARN]: 	at java.base/sun.net.www.http.HttpClient.openServer(HttpClient.java:497)
[21:17:12] [Server thread/WARN]: 	at java.base/sun.net.www.http.HttpClient.openServer(HttpClient.java:600)
[21:17:12] [Server thread/WARN]: 	at java.base/sun.net.www.http.HttpClient.<init>(HttpClient.java:246)
[21:17:12] [Server thread/WARN]: 	at java.base/sun.net.www.http.HttpClient.New(HttpClient.java:351)
[21:17:12] [Server thread/WARN]: 	at java.base/sun.net.www.http.HttpClient.New(HttpClient.java:372)
[21:17:12] [Server thread/WARN]: 	at java.base/sun.net.www.protocol.http.HttpURLConnection.getNewHttpClient(HttpURLConnection.java:1299)
[21:17:12] [Server thread/WARN]: 	at java.base/sun.net.www.protocol.http.HttpURLConnection.plainConnect0(HttpURLConnection.java:1232)
[21:17:12] [Server thread/WARN]: 	at java.base/sun.net.www.protocol.http.HttpURLConnection.plainConnect(HttpURLConnection.java:1120)
[21:17:12] [Server thread/WARN]: 	at java.base/sun.net.www.protocol.http.HttpURLConnection.connect(HttpURLConnection.java:1051)
[21:17:12] [Server thread/WARN]: 	at java.base/sun.net.www.protocol.http.HttpURLConnection.getInputStream0(HttpURLConnection.java:1653)
[21:17:12] [Server thread/WARN]: 	at java.base/sun.net.www.protocol.http.HttpURLConnection.getInputStream(HttpURLConnection.java:1577)
[21:17:12] [Server thread/WARN]: 	at java.base/java.net.HttpURLConnection.getResponseCode(HttpURLConnection.java:527)
[21:17:12] [Server thread/WARN]: 	at ru.anime.automine.util.HtmlGet.getDataFromUrl(HtmlGet.java:22)
[21:17:12] [Server thread/WARN]: 	at ru.anime.automine.Main.onEnable(Main.java:40)
[21:17:12] [Server thread/WARN]: 	at org.bukkit.plugin.java.JavaPlugin.setEnabled(JavaPlugin.java:263)
[21:17:12] [Server thread/WARN]: 	at org.bukkit.plugin.java.JavaPluginLoader.enablePlugin(JavaPluginLoader.java:370)
[21:17:12] [Server thread/WARN]: 	at org.bukkit.plugin.SimplePluginManager.enablePlugin(SimplePluginManager.java:500)
[21:17:12] [Server thread/WARN]: 	at org.bukkit.craftbukkit.v1_16_R3.CraftServer.enablePlugin(CraftServer.java:518)
[21:17:12] [Server thread/WARN]: 	at org.bukkit.craftbukkit.v1_16_R3.CraftServer.enablePlugins(CraftServer.java:432)
[21:17:12] [Server thread/WARN]: 	at net.minecraft.server.v1_16_R3.MinecraftServer.loadWorld(MinecraftServer.java:596)
[21:17:12] [Server thread/WARN]: 	at net.minecraft.server.v1_16_R3.DedicatedServer.init(DedicatedServer.java:309)
[21:17:12] [Server thread/WARN]: 	at net.minecraft.server.v1_16_R3.MinecraftServer.w(MinecraftServer.java:1074)
[21:17:12] [Server thread/WARN]: 	at net.minecraft.server.v1_16_R3.MinecraftServer.lambda$a$0(MinecraftServer.java:293)
[21:17:12] [Server thread/WARN]: 	at java.base/java.lang.Thread.run(Thread.java:831)
[21:17:12] [Server thread/INFO]: [AutoMine] AutoMine Start!
[21:17:12] [Server thread/INFO]: [PlaceholderAPI] Successfully registered expansion: am [0.1.5]
[21:17:12] [Server thread/INFO]: [DeluxeMenus] Enabling DeluxeMenus v1.14.1-Release
[21:17:12] [Server thread/INFO]: [DeluxeMenus] Successfully hooked into PlaceholderAPI!
[21:17:12] [Server thread/INFO]: [DeluxeMenus] Successfully hooked into Vault!
[21:17:13] [Server thread/INFO]: [DeluxeMenus] 59 GUI menus loaded!
[21:17:13] [Server thread/INFO]: [PlaceholderAPI] Successfully registered expansion: deluxemenus [1.14.1-Release]
[21:17:13] [Server thread/INFO]: [DeluxeMenus] You are running the latest version of DeluxeMenus!
[21:17:13] [Server thread/INFO]: [ProtectionStones] Enabling ProtectionStones v2.8.5
[21:17:13] [Server thread/INFO]: [WorldGuard] Registering session handler dev.espi.protectionstones.flags.GreetingFlagHandler
[21:17:13] [Server thread/INFO]: [WorldGuard] Registering session handler dev.espi.protectionstones.flags.FarewellFlagHandler
[21:17:13] [Server thread/INFO]: [ProtectionStones] PlaceholderAPI support enabled!
[21:17:13] [Server thread/INFO]: [PlaceholderAPI] Successfully registered expansion: protectionstones [2.8.5]
[21:17:13] [Server thread/INFO]: [ProtectionStones] LuckPerms support enabled!
[21:17:13] [Server thread/INFO]: [ProtectionStones] Protection Stone Blocks:
[21:17:13] [Server thread/INFO]: [ProtectionStones] - DIAMOND_BLOCK (diamond)
[21:17:13] [Server thread/INFO]: [ProtectionStones] - GOLD_BLOCK (gold)
[21:17:13] [Server thread/INFO]: [ProtectionStones] - IRON_BLOCK (iron)
[21:17:13] [Server thread/INFO]: [ProtectionStones] - NETHERITE_BLOCK (netherite)
[21:17:13] [Server thread/INFO]: [ProtectionStones] Building region cache...
[21:17:13] [Server thread/INFO]: [ProtectionStones] Building UUID cache... (if slow change async-load-uuid-cache in the config to true)
[21:17:13] [Server thread/INFO]: [ProtectionStones] Checking if PS regions have been updated to UUIDs...
[21:17:13] [Server thread/INFO]: [ProtectionStones] ProtectionStones has successfully started!
[21:17:13] [Server thread/INFO]: [AuthMe] Enabling AuthMe v5.6.0-bCUSTOM
[21:17:14] [Server thread/INFO]: [AuthMe] SQLite Setup finished
[21:17:14] [Server thread/INFO]: [AuthMe] Hooked into LuckPerms!
[21:17:14] [Server thread/INFO]: [AuthMe] Hooked successfully into Essentials
[21:17:14] [Server thread/INFO]: [AuthMe] AuthMe 5.6.0 build n.CUSTOM successfully enabled!
[21:17:14] [Server thread/INFO]: [IRandomTeleport] Enabling IRandomTeleport v1.9*
[21:17:14] [Server thread/INFO]: [PlaceholderAPI] Successfully registered expansion: rtp [1.3]
[21:17:19] [Server thread/INFO]: [IRandomTeleport] Плагин включён!
[21:17:19] [Server thread/INFO]: [AntiRelog] Enabling AntiRelog v3.0.11
[21:17:19] [Server thread/INFO]: [AntiRelog] Конфиг успешно загружен
[21:17:19] [Server thread/INFO]: [AntiRelog] Detected version: 1.16.5
[21:17:19] [Server thread/INFO]: [BAirDrop] Enabling BAirDrop v1.0.9
[21:17:19] [Server thread/INFO]: Airdrop lovish loaded!
[21:17:19] [Server thread/INFO]: Airdrop witch loaded!
[21:17:19] [Server thread/INFO]: Airdrop house loaded!
[21:17:19] [Server thread/INFO]: Airdrop airship loaded!
[21:17:19] [Server thread/INFO]: [PlaceholderAPI] Successfully registered expansion: BAirDrop [1.0.9]
[21:17:19] [Server thread/INFO]: Plugin successfully enabled in 188ms
[21:17:19] [Server thread/INFO]: [AntirelogScoreboard] Enabling AntirelogScoreboard v1.3.2-BETA*
[21:17:19] [Server thread/INFO]: [AdvancedEnchantments] Enabling AdvancedEnchantments v9.1.5
[21:17:19] [Server thread/INFO]: [36m[Spigotunlocked.com] - COSMO
[21:17:20] [Server thread/INFO]: [AdvancedEnchantments] Successfully hooked into WorldGuard, PlaceholderAPI.
[21:17:20] [Server thread/INFO]: [AdvancedEnchantments] Successfully hooked into WorldGuard.
[21:17:20] [Server thread/INFO]: [AdvancedEnchantments] Successfully hooked into ProtectionStones.
[21:17:20] [Server thread/INFO]: [PlaceholderAPI] Successfully registered expansion: advancedenchantments [1.0.0]
[21:17:20] [Server thread/INFO]: [AdvancedEnchantments] Successfully hooked into PlaceholderAPI.
[21:17:20] [Server thread/INFO]: [AdvancedEnchantments] Successfully hooked into ProtocolLib.
[21:17:20] [Server thread/INFO]: [AdvancedEnchantments] Successfully hooked into Essentials.
[21:17:20] [Server thread/INFO]: [AdvancedEnchantments] Loaded 7 armor sets.
[21:17:20] [Server thread/INFO]: [AdvancedEnchantments] Loaded 5 weapons.
[21:17:20] [Server thread/INFO]: [AdvancedEnchantments] Registering Vulcan Hook and enabling module...
[21:17:20] [Server thread/INFO]: [AdvancedEnchantments] Successfully hooked into economy plugin (Vault)
[21:17:20] [Server thread/INFO]: [PlaceholderAPI] Placeholder expansion registration initializing...
[21:17:21] [ForkJoinPool.commonPool-worker-37/WARN]: [PlaceholderAPI] Loaded class net.ess3.api.IEssentials from Essentials v2.21.2 which is not a depend, softdepend or loadbefore of this plugin.
[21:17:21] [Server thread/INFO]: Running delayed init tasks
[21:17:21] [Server thread/INFO]: [PlaceholderAPI] Successfully registered expansion: playerpoints [3.2.6]
[21:17:21] [Craft Scheduler Thread - 12 - DecentHolograms/INFO]: [DecentHolograms] Loading holograms... 
[21:17:21] [Craft Scheduler Thread - 15 - Essentials/INFO]: [Essentials] Получение информации о версии...
[21:17:21] [Craft Scheduler Thread - 9 - Vault/INFO]: [Vault] Checking for Updates ... 
[21:17:21] [Server thread/INFO]: [Essentials] Essentials found a compatible payment resolution method: Vault Compatibility Layer (v1.7.3-b131)!
[21:17:21] [Craft Scheduler Thread - 5 - PlayerPoints/INFO]: [RoseGarden] An update for PlayerPoints (v3.3.4) is available! You are running v3.2.6.
[21:17:21] [Craft Scheduler Thread - 12 - DecentHolograms/INFO]: [DecentHolograms] Loaded 20 holograms!
[21:17:21] [Craft Scheduler Thread - 8 - CraftEnhance/INFO]: [CraftEnhance] There's a new version (2.4.4) of the plugin available on https://www.spigotmc.org/resources/1-9-1-19-custom-recipes-and-crafting-craftenhance.65058/ or https://dev.bukkit.org/projects/craftenhance/files.
[21:17:21] [Craft Scheduler Thread - 14 - DecentHolograms/INFO]: 
A newer version of DecentHolograms is available. Download it from: https://www.spigotmc.org/resources/96927/
[21:17:21] [Server thread/INFO]: [FacilisCommon] There is a new update available.
[21:17:21] [Server thread/INFO]: [FacilisCommon] Current Version: 1.0.5-SNAPSHOT
[21:17:21] [Server thread/INFO]: [FacilisCommon] New Version: 1.0.7-SNAPSHOT
[21:17:21] [Server thread/INFO]: [MultiWorld] There is a new update available.
[21:17:21] [Server thread/INFO]: [MultiWorld] Current Version: 1.5.8-SNAPSHOT
[21:17:21] [Server thread/INFO]: [MultiWorld] New Version: 1.7.2-SNAPSHOT
[21:17:21] [Server thread/INFO]: Done (46.085s)! For help, type "help"
[21:17:21] [Server thread/INFO]: Timings Reset
[21:17:21] [Craft Scheduler Thread - 6 - UniversalBlocker/WARN]: [UniversalBlocker] Can't check for updates: https://raw.githubusercontent.com/Overwrite987/UniversalBlocker/master/VERSION
[21:17:21] [Craft Scheduler Thread - 9 - Vault/INFO]: [Vault] No new version available
[21:17:21] [Server thread/INFO]: Stopping the server
[21:17:21] [Server thread/INFO]: Stopping server
[21:17:21] [Server thread/INFO]: [PlugManX] Disabling PlugManX v2.3.6
[21:17:21] [Server thread/INFO]: [AdvancedEnchantments] Disabling AdvancedEnchantments v9.1.5
[21:17:21] [Server thread/INFO]: [AntirelogScoreboard] Disabling AntirelogScoreboard v1.3.2-BETA
[21:17:21] [Server thread/INFO]: [BAirDrop] Disabling BAirDrop v1.0.9
[21:17:21] [Server thread/INFO]: Plugin successfully disabled in 153ms
[21:17:21] [Server thread/INFO]: [AntiRelog] Disabling AntiRelog v3.0.11
[21:17:21] [Server thread/INFO]: [IRandomTeleport] Disabling IRandomTeleport v1.9
[21:17:21] [Server thread/INFO]: [IRandomTeleport] Плагин выключен!
[21:17:21] [Server thread/INFO]: [AuthMe] Disabling AuthMe v5.6.0-bCUSTOM
[21:17:21] [Server thread/INFO]: [AuthMe] Waiting for 0 tasks to finish
[21:17:21] [Server thread/INFO]: [AuthMe] AuthMe 5.6.0-bCUSTOM disabled!
[21:17:21] [Server thread/INFO]: [ProtectionStones] Disabling ProtectionStones v2.8.5
[21:17:21] [Server thread/INFO]: [DeluxeMenus] Disabling DeluxeMenus v1.14.1-Release
[21:17:21] [Server thread/INFO]: [AutoMine] Disabling AutoMine v0.1.5
[21:17:21] [Server thread/INFO]: [AutoMine] Stop!
[21:17:21] [Server thread/INFO]: [WorldBorder] Disabling WorldBorder v1.2
[21:17:21] [Server thread/INFO]: [ExecutableItems] Disabling ExecutableItems v6.24.4.15
[21:17:21] [Server thread/INFO]: [SCore] Disabling SCore v4.24.4.15
[21:17:21] [Server thread/INFO]: SCore Save UsagePerDay....
[21:17:21] [Craft Scheduler Thread - 15 - Essentials/WARN]: [Essentials] Для скачивания доступна новая версия EssentialsX: 2.22.0.
[21:17:21] [Craft Scheduler Thread - 15 - Essentials/WARN]: [Essentials] Скачайте последний здесь: https://essentialsx.net/downloads.html?branch=stable
[21:17:22] [Server thread/INFO]: SCore Save UsagePerDay done !
[21:17:22] [Server thread/INFO]: SCore Save Commands...
[21:17:22] [Server thread/INFO]: SCore Save Commands done !
[21:17:22] [Server thread/INFO]: SCore Save Cooldowns...
[21:17:22] [Server thread/INFO]: SCore Save Cooldowns done !
[21:17:22] [Server thread/INFO]: [EssentialsSpawn] Disabling EssentialsSpawn v2.21.2
[21:17:22] [Server thread/INFO]: [IBItems] Disabling IBItems v1.0
[21:17:22] [Server thread/INFO]: 
[21:17:22] [Server thread/INFO]: IBItems | Disable plugin.
[21:17:22] [Server thread/INFO]: 
[21:17:22] [Server thread/INFO]: [antiRedstoneClock] Disabling antiRedstoneClock v1.5.0
[21:17:22] [Server thread/INFO]: [MultiWorld] Disabling MultiWorld v1.5.8-SNAPSHOT
[21:17:22] [Server thread/INFO]: [PlaceholderAPI] Unregistered placeholder expansion multiworld
[21:17:22] [Server thread/INFO]: [PlaceholderAPI] Reason: required plugin MultiWorld was disabled.
[21:17:22] [Server thread/INFO]: [WorldGuard] Disabling WorldGuard v7.0.5+3827266
[21:17:22] [Server thread/INFO]: [WorldGuard] Shutting down executor and cancelling any pending tasks...
[21:17:22] [Server thread/INFO]: [fmRestrict] Disabling fmRestrict v1.7
[21:17:22] [Server thread/INFO]: 
[21:17:22] [Server thread/INFO]: » Плагин fmRestrict выключен!
[21:17:22] [Server thread/INFO]: » Версия плагина: 1.7
[21:17:22] [Server thread/INFO]: 
[21:17:22] [Server thread/INFO]: [DonateCase] Disabling DonateCase v2.2.0.4
[21:17:22] [Server thread/INFO]: [AtomicChestDeath] Disabling AtomicChestDeath v1.3
[21:17:22] [Server thread/INFO]: [ChatEx] Disabling ChatEx v2.7.1
[21:17:22] [Server thread/INFO]: [ChatEx] is now disabled!
[21:17:22] [Server thread/INFO]: [TAB] Disabling TAB v6.0.2
[21:17:22] [Server thread/INFO]: [TAB] Disabled in 1ms
[21:17:22] [Server thread/INFO]: [PrimeAlchemist] Disabling PrimeAlchemist v1.2.4
[21:17:22] [Server thread/INFO]: 
[21:17:22] [Server thread/INFO]: PrimeAlchemist | Плагин выключен. Версия: v1.2.4
[21:17:22] [Server thread/INFO]: PrimeAlchemist | Разработчик: https://vk.com/emptycsgo
[21:17:22] [Server thread/INFO]: 
[21:17:22] [Server thread/INFO]: [CrazyAuctions] Disabling CrazyAuctions v1.0
[21:17:22] [Server thread/INFO]: [ajLeaderboards] Disabling ajLeaderboards v2.8.0
[21:17:22] [pool-83-thread-1/INFO]: [ajLeaderboards] Shutting down cache method..
[21:17:22] [pool-83-thread-1/INFO]: [ajLeaderboards] Cache method shut down
[21:17:22] [Server thread/INFO]: [ajLeaderboards] Killing remaining workers
[21:17:22] [Server thread/INFO]: [ajLeaderboards] Remaining workers killed
[21:17:22] [Server thread/INFO]: [ajLeaderboards] ajLeaderboards v2.8.0 disabled.
[21:17:22] [Server thread/INFO]: [SimpleGranter] Disabling SimpleGranter v1.0.4
[21:17:22] [Server thread/INFO]: [PacketsBookFix] Disabling PacketsBookFix v1.0
[21:17:22] [Server thread/INFO]: [IllegalStack] Disabling IllegalStack v2.9.9
[21:17:22] [Server thread/INFO]: [Essentials] Disabling Essentials v2.21.2
[21:17:22] [Server thread/INFO]: [Vault] [Economy] Essentials Economy unhooked.
[21:17:22] [Server thread/INFO]: [DecentHolograms] Disabling DecentHolograms v2.8.6
[21:17:22] [Server thread/INFO]: [BetterTalismans] Disabling BetterTalismans v0.8-BETA
[21:17:22] [Server thread/INFO]:  
[21:17:22] [Server thread/INFO]: [BetterTalismans] Plugin has been disabled!
[21:17:22] [Server thread/INFO]: [BetterTalismans] Thank you for using my plugin!
[21:17:22] [Server thread/INFO]:  
[21:17:22] [Server thread/INFO]: [Log4JExploitFix] Disabling Log4JExploitFix v1.3.3
[21:17:22] [Server thread/INFO]: [WorldEdit] Disabling WorldEdit v7.2.4+5723-e3bfc64
[21:17:22] [Server thread/INFO]: Unregistering com.sk89q.worldedit.bukkit.BukkitServerInterface from WorldEdit
[21:17:22] [Server thread/INFO]: [FacilisCommon] Disabling FacilisCommon v1.0.5-SNAPSHOT
[21:17:22] [Server thread/INFO]: [BigTeamCompletionFix] Disabling BigTeamCompletionFix v1.0.0-SNAPSHOT
[21:17:22] [Server thread/INFO]: [Orebfuscator] Disabling Orebfuscator v5.4.3
[21:17:22] [Server thread/INFO]: [Images] Disabling Images v2.3.2
[21:17:22] [Server thread/INFO]: [LiteNotify] Disabling LiteNotify v1.1
[21:17:22] [Server thread/INFO]: [PlayerPoints] Disabling PlayerPoints v3.2.6
[21:17:22] [Server thread/INFO]: [DesireBridge] Disabling DesireBridge v1.0.0
[21:17:22] [Server thread/INFO]: [FastFix] Disabling FastFix v1.0
[21:17:22] [Server thread/INFO]: [NewbieChat] Disabling NewbieChat v1.6.7-h2
[21:17:22] [Server thread/INFO]: [Vault] Disabling Vault v1.7.3-b131
[21:17:22] [Server thread/INFO]: [ExploitFixer] Disabling ExploitFixer v1.7.5
[21:17:22] [Server thread/INFO]: [AntiDisconnectSpam] Disabling AntiDisconnectSpam v2.1.1
[21:17:22] [Server thread/INFO]: [AntiDisconnectSpam] Shutting down...
[21:17:22] [Server thread/INFO]: [AntiDisconnectSpam] Shutdown completed!
[21:17:22] [Server thread/INFO]: [XorekLoader] Disabling XorekLoader v1.0-SNAPSHOT
[21:17:22] [Server thread/INFO]: [HideAchievements] Disabling HideAchievements v1.0.0
[21:17:22] [Server thread/INFO]: [Automessage] Disabling Automessage v1.2
[21:17:22] [Server thread/INFO]: [AntiStringDupe] Disabling AntiStringDupe v1.0-SNAPSHOT
[21:17:22] [Server thread/INFO]: [FiguresFix] Disabling FiguresFix v1.0.3
[21:17:22] [Server thread/INFO]: [HamsterAPI] Disabling HamsterAPI v0.2.3
[21:17:22] [Server thread/INFO]: [ProtocolLib] Disabling ProtocolLib v5.2.0-SNAPSHOT-679
[21:17:22] [Server thread/INFO]: [AtomicCheck] Disabling AtomicCheck v[1.5.1]
[21:17:22] [Server thread/INFO]: [LiteBans] Disabling LiteBans v2.14.1
[21:17:22] [Server thread/INFO]: [LiteBans] litebans-pool - Shutdown initiated...
[21:17:22] [Server thread/INFO]: [LiteBans] litebans-pool - Shutdown completed.
[21:17:23] [Server thread/INFO]: [LiteBans] v2.14.1 disabled.
[21:17:23] [Server thread/INFO]: [skHider] Disabling skHider v1.0-SNAPSHOT
[21:17:23] [Server thread/INFO]: [VillagerOptimiser] Disabling VillagerOptimiser v1.1.5
[21:17:23] [Server thread/INFO]: [SAML] Disabling SAML v2.0.0
[21:17:23] [Server thread/INFO]: [SAML] The frozen chunk cache file has been deleted. All chunks should have been accounted for.
[21:17:23] [Server thread/INFO]: [SAML] Successfully disabled.
[21:17:23] [Server thread/INFO]: [DiscordProof] Disabling DiscordProof v1.0
[21:17:23] [Server thread/INFO]: [LuckPerms] Disabling LuckPerms v5.5.42
[21:17:23] [Server thread/INFO]: [LuckPerms] Starting shutdown process...
[21:17:23] [Server thread/INFO]: [LuckPerms] Closing storage...
[21:17:23] [Server thread/INFO]: [LuckPerms] Goodbye!
[21:17:23] [Server thread/INFO]: [RedStoneExploitFix] Disabling RedStoneExploitFix v1.0.0
[21:17:23] [Server thread/INFO]: [NBTAPI] Disabling NBTAPI v2.12.3
[21:17:23] [Server thread/INFO]: [skVoidCommand] Disabling skVoidCommand v1.0-SNAPSHOT
[21:17:23] [Server thread/INFO]: [skVoidCommand] Плагин успешно выключен!
[21:17:23] [Server thread/INFO]: [DiscordReports] Disabling DiscordReports v1.0
[21:17:23] [Server thread/INFO]: [CraftEnhance] Disabling CraftEnhance v2.5.9
[21:17:23] [Server thread/INFO]: Reloading ResourceManager: Default, bukkit
[21:17:24] [Worker-Main-1/INFO]: Loaded 7 recipes
[21:17:25] [Server thread/INFO]: [Vulcan] Disabling Vulcan v2.8.6
[21:17:25] [Server thread/INFO]: [CommandTimer] Disabling CommandTimer v8.5.6
[21:17:25] [Server thread/INFO]: [ClanSystem] Disabling ClanSystem v1.0.0
[21:17:25] [Server thread/INFO]: [ClanSystem] Сохранено 1 кланов
[21:17:25] [Server thread/INFO]: [ClanSystem] ClanSystem выключен!
[21:17:25] [Server thread/INFO]: [UniversalBlocker] Disabling UniversalBlocker v2.0.2
[21:17:25] [Server thread/INFO]: [PlaceholderAPI] Disabling PlaceholderAPI v2.11.2
[21:17:25] [Server thread/INFO]: [neoexpirience] Disabling neoexpirience v1.2
[21:17:25] [Server thread/INFO]: [neoexpirience] Plugin disable.
[21:17:25] [Server thread/INFO]: [JodexPromo] Disabling JodexPromo v1.0.4
[21:17:25] [Server thread/INFO]: [fmPotionStacker] Disabling fmPotionStacker v1.3
[21:17:25] [Server thread/INFO]: 
[21:17:25] [Server thread/INFO]: » Плагин fmPotionStacker выключился!
[21:17:25] [Server thread/INFO]: » Версия: v1.3
[21:17:25] [Server thread/INFO]: 
[21:17:25] [Server thread/INFO]: Saving players
[21:17:25] [Server thread/INFO]: Saving worlds
[21:17:25] [Server thread/INFO]: Saving chunks for level 'ServerLevel[spawn]'/minecraft:overworld
[21:17:26] [Server thread/INFO]: ThreadedAnvilChunkStorage (spawn): All chunks are saved
[21:17:26] [Server thread/INFO]: Saving chunks for level 'ServerLevel[spawn_nether]'/minecraft:the_nether
[21:17:27] [Server thread/INFO]: ThreadedAnvilChunkStorage (DIM-1): All chunks are saved
[21:17:27] [Server thread/INFO]: Saving chunks for level 'ServerLevel[spawn_the_end]'/minecraft:the_end
[21:17:27] [Server thread/INFO]: ThreadedAnvilChunkStorage (DIM1): All chunks are saved
[21:17:27] [Server thread/INFO]: Saving chunks for level 'ServerLevel[world]'/minecraft:world
[21:17:27] [Server thread/INFO]: ThreadedAnvilChunkStorage (world): All chunks are saved
[21:17:27] [Server thread/INFO]: Saving chunks for level 'ServerLevel[world_the_end]'/minecraft:world_the_end
[21:17:28] [Server thread/INFO]: ThreadedAnvilChunkStorage (DIM1): All chunks are saved
[21:17:28] [Server thread/INFO]: Saving chunks for level 'ServerLevel[world_nether]'/minecraft:world_nether
[21:17:29] [Server thread/INFO]: ThreadedAnvilChunkStorage (DIM-1): All chunks are saved
[21:17:29] [Server thread/INFO]: ThreadedAnvilChunkStorage (spawn): All chunks are saved
[21:17:30] [Server thread/INFO]: ThreadedAnvilChunkStorage (DIM-1): All chunks are saved
[21:17:30] [Server thread/INFO]: ThreadedAnvilChunkStorage (DIM1): All chunks are saved
[21:17:30] [Server thread/INFO]: ThreadedAnvilChunkStorage (world): All chunks are saved
[21:17:31] [Server thread/INFO]: ThreadedAnvilChunkStorage (DIM1): All chunks are saved
[21:17:31] [Server thread/INFO]: ThreadedAnvilChunkStorage (DIM-1): All chunks are saved
[21:17:32] [Server thread/INFO]: Flushing Chunk IO
[21:17:32] [Server thread/INFO]: Closing Thread Pool
[21:17:32] [Server thread/INFO]: Closing Server
